<?xml version="1.0" encoding="ISO-8859-1" ?>
<link_info>
   <banner>TMS320C2000 Linker Unix v18.12.2.LTS</banner>
   <copyright>Copyright (c) 1996-2018 Texas Instruments Incorporated</copyright>
   <link_time>0x5e790ab6</link_time>
   <link_errors>0x0</link_errors>
   <output_file>ifec.out</output_file>
   <entry_point>
      <name>code_start</name>
      <address>0x80000</address>
   </entry_point>
   <input_file_list>
      <input_file id="fl-1">
         <path>./</path>
         <kind>object</kind>
         <file>main.obj</file>
         <name>main.obj</name>
      </input_file>
      <input_file id="fl-2">
         <path>./device/</path>
         <kind>object</kind>
         <file>device.obj</file>
         <name>device.obj</name>
      </input_file>
      <input_file id="fl-3">
         <path>./device/</path>
         <kind>object</kind>
         <file>f28004x_codestartbranch.obj</file>
         <name>f28004x_codestartbranch.obj</name>
      </input_file>
      <input_file id="fl-4">
         <path>./src/</path>
         <kind>object</kind>
         <file>mppt.obj</file>
         <name>mppt.obj</name>
      </input_file>
      <input_file id="fl-5">
         <path>./src/</path>
         <kind>object</kind>
         <file>pid.obj</file>
         <name>pid.obj</name>
      </input_file>
      <input_file id="fl-6">
         <path>./src/</path>
         <kind>object</kind>
         <file>src_adc.obj</file>
         <name>src_adc.obj</name>
      </input_file>
      <input_file id="fl-7">
         <path>./src/</path>
         <kind>object</kind>
         <file>src_epwm.obj</file>
         <name>src_epwm.obj</name>
      </input_file>
      <input_file id="fl-8">
         <path>./src/</path>
         <kind>object</kind>
         <file>src_gpio.obj</file>
         <name>src_gpio.obj</name>
      </input_file>
      <input_file id="fl-9">
         <path>./src/</path>
         <kind>object</kind>
         <file>src_timers.obj</file>
         <name>src_timers.obj</name>
      </input_file>
      <input_file id="fl-e">
         <kind>object</kind>
         <file>&lt;internal&gt;</file>
         <name>&lt;internal&gt;</name>
      </input_file>
      <input_file id="fl-f">
         <path>../</path>
         <kind>archive</kind>
         <file>driverlib.lib</file>
         <name>adc.obj</name>
      </input_file>
      <input_file id="fl-10">
         <path>../</path>
         <kind>archive</kind>
         <file>driverlib.lib</file>
         <name>cputimer.obj</name>
      </input_file>
      <input_file id="fl-11">
         <path>../</path>
         <kind>archive</kind>
         <file>driverlib.lib</file>
         <name>epwm.obj</name>
      </input_file>
      <input_file id="fl-12">
         <path>../</path>
         <kind>archive</kind>
         <file>driverlib.lib</file>
         <name>flash.obj</name>
      </input_file>
      <input_file id="fl-13">
         <path>../</path>
         <kind>archive</kind>
         <file>driverlib.lib</file>
         <name>gpio.obj</name>
      </input_file>
      <input_file id="fl-14">
         <path>../</path>
         <kind>archive</kind>
         <file>driverlib.lib</file>
         <name>interrupt.obj</name>
      </input_file>
      <input_file id="fl-15">
         <path>../</path>
         <kind>archive</kind>
         <file>driverlib.lib</file>
         <name>sysctl.obj</name>
      </input_file>
      <input_file id="fl-21">
         <path>/home/jack/ti/ccs910/ccs/tools/compiler/ti-cgt-c2000_18.12.2.LTS/lib/</path>
         <kind>archive</kind>
         <file>rts2800_fpu32.lib</file>
         <name>boot28.asm.obj</name>
      </input_file>
      <input_file id="fl-22">
         <path>/home/jack/ti/ccs910/ccs/tools/compiler/ti-cgt-c2000_18.12.2.LTS/lib/</path>
         <kind>archive</kind>
         <file>rts2800_fpu32.lib</file>
         <name>fs_div28.asm.obj</name>
      </input_file>
      <input_file id="fl-23">
         <path>/home/jack/ti/ccs910/ccs/tools/compiler/ti-cgt-c2000_18.12.2.LTS/lib/</path>
         <kind>archive</kind>
         <file>rts2800_fpu32.lib</file>
         <name>cpy_tbl.c.obj</name>
      </input_file>
      <input_file id="fl-24">
         <path>/home/jack/ti/ccs910/ccs/tools/compiler/ti-cgt-c2000_18.12.2.LTS/lib/</path>
         <kind>archive</kind>
         <file>rts2800_fpu32.lib</file>
         <name>memcpy.c.obj</name>
      </input_file>
      <input_file id="fl-25">
         <path>/home/jack/ti/ccs910/ccs/tools/compiler/ti-cgt-c2000_18.12.2.LTS/lib/</path>
         <kind>archive</kind>
         <file>rts2800_fpu32.lib</file>
         <name>pre_init.c.obj</name>
      </input_file>
      <input_file id="fl-26">
         <path>/home/jack/ti/ccs910/ccs/tools/compiler/ti-cgt-c2000_18.12.2.LTS/lib/</path>
         <kind>archive</kind>
         <file>rts2800_fpu32.lib</file>
         <name>startup.c.obj</name>
      </input_file>
      <input_file id="fl-27">
         <path>/home/jack/ti/ccs910/ccs/tools/compiler/ti-cgt-c2000_18.12.2.LTS/lib/</path>
         <kind>archive</kind>
         <file>rts2800_fpu32.lib</file>
         <name>exit.c.obj</name>
      </input_file>
      <input_file id="fl-28">
         <path>/home/jack/ti/ccs910/ccs/tools/compiler/ti-cgt-c2000_18.12.2.LTS/lib/</path>
         <kind>archive</kind>
         <file>rts2800_fpu32.lib</file>
         <name>_lock.c.obj</name>
      </input_file>
      <input_file id="fl-29">
         <path>/home/jack/ti/ccs910/ccs/tools/compiler/ti-cgt-c2000_18.12.2.LTS/lib/</path>
         <kind>archive</kind>
         <file>rts2800_fpu32.lib</file>
         <name>args_main.c.obj</name>
      </input_file>
   </input_file_list>
   <object_component_list>
      <object_component id="oc-10">
         <name>codestart</name>
         <load_address>0x80000</load_address>
         <run_address>0x80000</run_address>
         <size>0x2</size>
         <input_file_ref idref="fl-3"/>
      </object_component>
      <object_component id="oc-c1">
         <name>.text</name>
         <load_address>0x81178</load_address>
         <run_address>0x81178</run_address>
         <size>0x7d1</size>
         <input_file_ref idref="fl-7"/>
      </object_component>
      <object_component id="oc-a8">
         <name>.text</name>
         <load_address>0x81949</load_address>
         <run_address>0x81949</run_address>
         <size>0x231</size>
         <input_file_ref idref="fl-6"/>
      </object_component>
      <object_component id="oc-af">
         <name>.text</name>
         <load_address>0x81b7a</load_address>
         <run_address>0x81b7a</run_address>
         <size>0x16d</size>
         <input_file_ref idref="fl-2"/>
      </object_component>
      <object_component id="oc-b3">
         <name>.text</name>
         <load_address>0x81ce7</load_address>
         <run_address>0x81ce7</run_address>
         <size>0x153</size>
         <input_file_ref idref="fl-1"/>
      </object_component>
      <object_component id="oc-a9">
         <name>.text</name>
         <load_address>0x81e3a</load_address>
         <run_address>0x81e3a</run_address>
         <size>0x123</size>
         <input_file_ref idref="fl-9"/>
      </object_component>
      <object_component id="oc-7e">
         <name>.text</name>
         <load_address>0x81f5d</load_address>
         <run_address>0x81f5d</run_address>
         <size>0x88</size>
         <input_file_ref idref="fl-22"/>
      </object_component>
      <object_component id="oc-ba">
         <name>.text:_ADC_isBaseValid</name>
         <load_address>0x81fe5</load_address>
         <run_address>0x81fe5</run_address>
         <size>0x1a</size>
         <input_file_ref idref="fl-f"/>
      </object_component>
      <object_component id="oc-ac">
         <name>.text</name>
         <load_address>0x81fff</load_address>
         <run_address>0x81fff</run_address>
         <size>0x1</size>
         <input_file_ref idref="fl-26"/>
      </object_component>
      <object_component id="oc-2f">
         <name>.text:retain</name>
         <load_address>0x82000</load_address>
         <run_address>0x82000</run_address>
         <size>0x11c</size>
         <input_file_ref idref="fl-6"/>
      </object_component>
      <object_component id="oc-bd">
         <name>.text</name>
         <load_address>0x8211c</load_address>
         <run_address>0x8211c</run_address>
         <size>0x102</size>
         <input_file_ref idref="fl-4"/>
      </object_component>
      <object_component id="oc-bc">
         <name>.text</name>
         <load_address>0x8221e</load_address>
         <run_address>0x8221e</run_address>
         <size>0xb7</size>
         <input_file_ref idref="fl-5"/>
      </object_component>
      <object_component id="oc-b6">
         <name>.text:_SysCtl_setClock</name>
         <load_address>0x822d5</load_address>
         <run_address>0x822d5</run_address>
         <size>0xb3</size>
         <input_file_ref idref="fl-15"/>
      </object_component>
      <object_component id="oc-c7">
         <name>.text:_SysCtl_isPLLValid</name>
         <load_address>0x82388</load_address>
         <run_address>0x82388</run_address>
         <size>0xa7</size>
         <input_file_ref idref="fl-15"/>
      </object_component>
      <object_component id="oc-c0">
         <name>.text</name>
         <load_address>0x8242f</load_address>
         <run_address>0x8242f</run_address>
         <size>0x7f</size>
         <input_file_ref idref="fl-8"/>
      </object_component>
      <object_component id="oc-b7">
         <name>.text:_SysCtl_getClock</name>
         <load_address>0x824ae</load_address>
         <run_address>0x824ae</run_address>
         <size>0x6e</size>
         <input_file_ref idref="fl-15"/>
      </object_component>
      <object_component id="oc-46">
         <name>.text:retain</name>
         <load_address>0x8251c</load_address>
         <run_address>0x8251c</run_address>
         <size>0x65</size>
         <input_file_ref idref="fl-9"/>
      </object_component>
      <object_component id="oc-b0">
         <name>.text:_ADC_setVREF</name>
         <load_address>0x82581</load_address>
         <run_address>0x82581</run_address>
         <size>0x64</size>
         <input_file_ref idref="fl-f"/>
      </object_component>
      <object_component id="oc-e4">
         <name>.text:_DCC_setCounterSeeds</name>
         <load_address>0x825e5</load_address>
         <run_address>0x825e5</run_address>
         <size>0x5e</size>
         <input_file_ref idref="fl-15"/>
      </object_component>
      <object_component id="oc-c6">
         <name>.text:_SysCtl_selectOscSource</name>
         <load_address>0x82643</load_address>
         <run_address>0x82643</run_address>
         <size>0x56</size>
         <input_file_ref idref="fl-15"/>
      </object_component>
      <object_component id="oc-77">
         <name>.text</name>
         <load_address>0x82699</load_address>
         <run_address>0x82699</run_address>
         <size>0x56</size>
         <input_file_ref idref="fl-21"/>
      </object_component>
      <object_component id="oc-be">
         <name>.text:_Interrupt_initModule</name>
         <load_address>0x826ef</load_address>
         <run_address>0x826ef</run_address>
         <size>0x54</size>
         <input_file_ref idref="fl-14"/>
      </object_component>
      <object_component id="oc-d6">
         <name>.text:_GPIO_setPadConfig</name>
         <load_address>0x82743</load_address>
         <run_address>0x82743</run_address>
         <size>0x52</size>
         <input_file_ref idref="fl-13"/>
      </object_component>
      <object_component id="oc-d8">
         <name>.text:_GPIO_setPinConfig</name>
         <load_address>0x82795</load_address>
         <run_address>0x82795</run_address>
         <size>0x3d</size>
         <input_file_ref idref="fl-13"/>
      </object_component>
      <object_component id="oc-e9">
         <name>.text:_EPWM_isBaseValid</name>
         <load_address>0x827d2</load_address>
         <run_address>0x827d2</run_address>
         <size>0x33</size>
         <input_file_ref idref="fl-11"/>
      </object_component>
      <object_component id="oc-c2">
         <name>.text:_Interrupt_enable</name>
         <load_address>0x82805</load_address>
         <run_address>0x82805</run_address>
         <size>0x33</size>
         <input_file_ref idref="fl-14"/>
      </object_component>
      <object_component id="oc-d7">
         <name>.text:_GPIO_setDirectionMode</name>
         <load_address>0x82838</load_address>
         <run_address>0x82838</run_address>
         <size>0x31</size>
         <input_file_ref idref="fl-13"/>
      </object_component>
      <object_component id="oc-ae">
         <name>.text</name>
         <load_address>0x82869</load_address>
         <run_address>0x82869</run_address>
         <size>0x29</size>
         <input_file_ref idref="fl-27"/>
      </object_component>
      <object_component id="oc-e5">
         <name>.text:_DCC_enableSingleShotMode</name>
         <load_address>0x82892</load_address>
         <run_address>0x82892</run_address>
         <size>0x25</size>
         <input_file_ref idref="fl-15"/>
      </object_component>
      <object_component id="oc-dc">
         <name>.text:_SysCtl_selectXTAL</name>
         <load_address>0x828b7</load_address>
         <run_address>0x828b7</run_address>
         <size>0x24</size>
         <input_file_ref idref="fl-15"/>
      </object_component>
      <object_component id="oc-ab">
         <name>.text</name>
         <load_address>0x828db</load_address>
         <run_address>0x828db</run_address>
         <size>0x24</size>
         <input_file_ref idref="fl-23"/>
      </object_component>
      <object_component id="oc-ea">
         <name>.text:_SysCtl_pollX1Counter</name>
         <load_address>0x828ff</load_address>
         <run_address>0x828ff</run_address>
         <size>0x22</size>
         <input_file_ref idref="fl-15"/>
      </object_component>
      <object_component id="oc-bf">
         <name>.text:_Interrupt_initVectorTable</name>
         <load_address>0x82921</load_address>
         <run_address>0x82921</run_address>
         <size>0x20</size>
         <input_file_ref idref="fl-14"/>
      </object_component>
      <object_component id="oc-e3">
         <name>.text:_DCC_setCounter1ClkSource</name>
         <load_address>0x82941</load_address>
         <run_address>0x82941</run_address>
         <size>0x1f</size>
         <input_file_ref idref="fl-15"/>
      </object_component>
      <object_component id="oc-e2">
         <name>.text:_DCC_setCounter0ClkSource</name>
         <load_address>0x82960</load_address>
         <run_address>0x82960</run_address>
         <size>0x1d</size>
         <input_file_ref idref="fl-15"/>
      </object_component>
      <object_component id="oc-b2">
         <name>.text</name>
         <load_address>0x8297d</load_address>
         <run_address>0x8297d</run_address>
         <size>0x1d</size>
         <input_file_ref idref="fl-24"/>
      </object_component>
      <object_component id="oc-bb">
         <name>.text:_CPUTimer_isBaseValid</name>
         <load_address>0x8299a</load_address>
         <run_address>0x8299a</run_address>
         <size>0x1a</size>
         <input_file_ref idref="fl-10"/>
      </object_component>
      <object_component id="oc-b8">
         <name>.text:_SysCtl_getLowSpeedClock</name>
         <load_address>0x829b4</load_address>
         <run_address>0x829b4</run_address>
         <size>0x1a</size>
         <input_file_ref idref="fl-15"/>
      </object_component>
      <object_component id="oc-dd">
         <name>.text:_SysCtl_selectXTALSingleEnded</name>
         <load_address>0x829ce</load_address>
         <run_address>0x829ce</run_address>
         <size>0x1a</size>
         <input_file_ref idref="fl-15"/>
      </object_component>
      <object_component id="oc-ad">
         <name>.text</name>
         <load_address>0x829e8</load_address>
         <run_address>0x829e8</run_address>
         <size>0x19</size>
         <input_file_ref idref="fl-29"/>
      </object_component>
      <object_component id="oc-e1">
         <name>.text:_DCC_enableDoneSignal</name>
         <load_address>0x82a01</load_address>
         <run_address>0x82a01</run_address>
         <size>0x17</size>
         <input_file_ref idref="fl-15"/>
      </object_component>
      <object_component id="oc-de">
         <name>.text:_SysCtl_enablePeripheral</name>
         <load_address>0x82a18</load_address>
         <run_address>0x82a18</run_address>
         <size>0x17</size>
         <input_file_ref idref="fl-15"/>
      </object_component>
      <object_component id="oc-e0">
         <name>.text:_DCC_disableErrorSignal</name>
         <load_address>0x82a2f</load_address>
         <run_address>0x82a2f</run_address>
         <size>0x16</size>
         <input_file_ref idref="fl-15"/>
      </object_component>
      <object_component id="oc-e6">
         <name>.text:_DCC_enableErrorSignal</name>
         <load_address>0x82a45</load_address>
         <run_address>0x82a45</run_address>
         <size>0x16</size>
         <input_file_ref idref="fl-15"/>
      </object_component>
      <object_component id="oc-d9">
         <name>.text:_EPWM_setEmulationMode</name>
         <load_address>0x82a5b</load_address>
         <run_address>0x82a5b</run_address>
         <size>0x16</size>
         <input_file_ref idref="fl-11"/>
      </object_component>
      <object_component id="oc-df">
         <name>.text:_DCC_disableModule</name>
         <load_address>0x82a71</load_address>
         <run_address>0x82a71</run_address>
         <size>0x14</size>
         <input_file_ref idref="fl-15"/>
      </object_component>
      <object_component id="oc-e7">
         <name>.text:_DCC_enableModule</name>
         <load_address>0x82a85</load_address>
         <run_address>0x82a85</run_address>
         <size>0x14</size>
         <input_file_ref idref="fl-15"/>
      </object_component>
      <object_component id="oc-e8">
         <name>.text:_GPIO_isPinValid</name>
         <load_address>0x82a99</load_address>
         <run_address>0x82a99</run_address>
         <size>0x14</size>
         <input_file_ref idref="fl-13"/>
      </object_component>
      <object_component id="oc-b1">
         <name>.text:_CPUTimer_setEmulationMode</name>
         <load_address>0x82aad</load_address>
         <run_address>0x82aad</run_address>
         <size>0x13</size>
         <input_file_ref idref="fl-10"/>
      </object_component>
      <object_component id="oc-ec">
         <name>.text:_DCC_isBaseValid</name>
         <load_address>0x82ac0</load_address>
         <run_address>0x82ac0</run_address>
         <size>0x10</size>
         <input_file_ref idref="fl-15"/>
      </object_component>
      <object_component id="oc-c8">
         <name>.text:_Flash_isCtrlBaseValid</name>
         <load_address>0x82ad0</load_address>
         <run_address>0x82ad0</run_address>
         <size>0x10</size>
         <input_file_ref idref="fl-12"/>
      </object_component>
      <object_component id="oc-c9">
         <name>.text:_Flash_isECCBaseValid</name>
         <load_address>0x82ae0</load_address>
         <run_address>0x82ae0</run_address>
         <size>0x10</size>
         <input_file_ref idref="fl-12"/>
      </object_component>
      <object_component id="oc-d3">
         <name>.text:_Interrupt_defaultHandler</name>
         <load_address>0x82af0</load_address>
         <run_address>0x82af0</run_address>
         <size>0xe</size>
         <input_file_ref idref="fl-14"/>
      </object_component>
      <object_component id="oc-d2">
         <name>.text:_Interrupt_disableMaster</name>
         <load_address>0x82afe</load_address>
         <run_address>0x82afe</run_address>
         <size>0xd</size>
         <input_file_ref idref="fl-14"/>
      </object_component>
      <object_component id="oc-da">
         <name>.text:_Interrupt_enableMaster</name>
         <load_address>0x82b0b</load_address>
         <run_address>0x82b0b</run_address>
         <size>0xd</size>
         <input_file_ref idref="fl-14"/>
      </object_component>
      <object_component id="oc-c5">
         <name>.text:_SysCtl_isMCDClockFailureDetected</name>
         <load_address>0x82b18</load_address>
         <run_address>0x82b18</run_address>
         <size>0xb</size>
         <input_file_ref idref="fl-15"/>
      </object_component>
      <object_component id="oc-c3">
         <name>.text</name>
         <load_address>0x82b23</load_address>
         <run_address>0x82b23</run_address>
         <size>0x9</size>
         <input_file_ref idref="fl-28"/>
      </object_component>
      <object_component id="oc-eb">
         <name>.text:_SysCtl_resetMCD</name>
         <load_address>0x82b2c</load_address>
         <run_address>0x82b2c</run_address>
         <size>0x7</size>
         <input_file_ref idref="fl-15"/>
      </object_component>
      <object_component id="oc-d5">
         <name>.text:_Interrupt_illegalOperationHandler</name>
         <load_address>0x82b33</load_address>
         <run_address>0x82b33</run_address>
         <size>0x2</size>
         <input_file_ref idref="fl-14"/>
      </object_component>
      <object_component id="oc-d4">
         <name>.text:_Interrupt_nmiHandler</name>
         <load_address>0x82b35</load_address>
         <run_address>0x82b35</run_address>
         <size>0x2</size>
         <input_file_ref idref="fl-14"/>
      </object_component>
      <object_component id="oc-aa">
         <name>.text</name>
         <load_address>0x82b37</load_address>
         <run_address>0x82b37</run_address>
         <size>0x2</size>
         <input_file_ref idref="fl-25"/>
      </object_component>
      <object_component id="oc-44">
         <name>.cinit</name>
         <load_address>0x81138</load_address>
         <run_address>0x81138</run_address>
         <size>0x17</size>
         <input_file_ref idref="fl-9"/>
      </object_component>
      <object_component id="oc-36">
         <name>.cinit</name>
         <load_address>0x8114f</load_address>
         <run_address>0x8114f</run_address>
         <size>0xf</size>
         <input_file_ref idref="fl-7"/>
      </object_component>
      <object_component id="oc-98">
         <name>.cinit</name>
         <load_address>0x8115e</load_address>
         <run_address>0x8115e</run_address>
         <size>0xe</size>
         <input_file_ref idref="fl-27"/>
      </object_component>
      <object_component id="oc-b5">
         <name>.cinit:__lock</name>
         <load_address>0x8116c</load_address>
         <run_address>0x8116c</run_address>
         <size>0x5</size>
         <input_file_ref idref="fl-28"/>
      </object_component>
      <object_component id="oc-c4">
         <name>.cinit:__unlock</name>
         <load_address>0x81171</load_address>
         <run_address>0x81171</run_address>
         <size>0x5</size>
         <input_file_ref idref="fl-28"/>
      </object_component>
      <object_component id="oc-79">
         <name>.reset</name>
         <load_address>0x3fffc0</load_address>
         <run_address>0x3fffc0</run_address>
         <size>0x2</size>
         <input_file_ref idref="fl-21"/>
      </object_component>
      <object_component id="oc-78">
         <name>.stack</name>
         <uninitialized>true</uninitialized>
         <run_address>0x400</run_address>
         <size>0x0</size>
         <input_file_ref idref="fl-21"/>
      </object_component>
      <object_component id="oc-106">
         <name>.stack</name>
         <uninitialized>true</uninitialized>
         <run_address>0x400</run_address>
         <size>0x0</size>
      </object_component>
      <object_component id="oc-12">
         <name>.ebss</name>
         <uninitialized>true</uninitialized>
         <run_address>0xa800</run_address>
         <size>0x78</size>
         <input_file_ref idref="fl-1"/>
      </object_component>
      <object_component id="oc-2e">
         <name>.ebss</name>
         <uninitialized>true</uninitialized>
         <run_address>0xa880</run_address>
         <size>0x14</size>
         <input_file_ref idref="fl-6"/>
      </object_component>
      <object_component id="oc-37">
         <name>.ebss</name>
         <uninitialized>true</uninitialized>
         <run_address>0xa878</run_address>
         <size>0x8</size>
         <input_file_ref idref="fl-7"/>
      </object_component>
      <object_component id="oc-45">
         <name>.ebss</name>
         <uninitialized>true</uninitialized>
         <run_address>0xa894</run_address>
         <size>0x8</size>
         <input_file_ref idref="fl-9"/>
      </object_component>
      <object_component id="oc-99">
         <name>.ebss</name>
         <uninitialized>true</uninitialized>
         <run_address>0xa89c</run_address>
         <size>0x6</size>
         <input_file_ref idref="fl-27"/>
      </object_component>
      <object_component id="oc-b4">
         <name>.ebss:__lock</name>
         <uninitialized>true</uninitialized>
         <run_address>0xa8a2</run_address>
         <size>0x2</size>
         <input_file_ref idref="fl-28"/>
      </object_component>
      <object_component id="oc-db">
         <name>.ebss:__unlock</name>
         <uninitialized>true</uninitialized>
         <run_address>0xa8a4</run_address>
         <size>0x2</size>
         <input_file_ref idref="fl-28"/>
      </object_component>
      <object_component id="oc-5f">
         <name>.econst:.string</name>
         <load_address>0x84000</load_address>
         <run_address>0x84000</run_address>
         <size>0xaf</size>
         <input_file_ref idref="fl-12"/>
      </object_component>
      <object_component id="oc-72">
         <name>.econst:.string</name>
         <load_address>0x840b0</load_address>
         <run_address>0x840b0</run_address>
         <size>0xae</size>
         <input_file_ref idref="fl-15"/>
      </object_component>
      <object_component id="oc-65">
         <name>.econst:.string</name>
         <load_address>0x8415e</load_address>
         <run_address>0x8415e</run_address>
         <size>0xac</size>
         <input_file_ref idref="fl-13"/>
      </object_component>
      <object_component id="oc-38">
         <name>.econst:.string</name>
         <load_address>0x8420a</load_address>
         <run_address>0x8420a</run_address>
         <size>0xa0</size>
         <input_file_ref idref="fl-7"/>
      </object_component>
      <object_component id="oc-6b">
         <name>.econst:.string</name>
         <load_address>0x842aa</load_address>
         <run_address>0x842aa</run_address>
         <size>0x5b</size>
         <input_file_ref idref="fl-14"/>
      </object_component>
      <object_component id="oc-53">
         <name>.econst:.string</name>
         <load_address>0x84306</load_address>
         <run_address>0x84306</run_address>
         <size>0x5a</size>
         <input_file_ref idref="fl-10"/>
      </object_component>
      <object_component id="oc-59">
         <name>.econst:.string</name>
         <load_address>0x84360</load_address>
         <run_address>0x84360</run_address>
         <size>0x56</size>
         <input_file_ref idref="fl-11"/>
      </object_component>
      <object_component id="oc-4d">
         <name>.econst:.string</name>
         <load_address>0x843b6</load_address>
         <run_address>0x843b6</run_address>
         <size>0x55</size>
         <input_file_ref idref="fl-f"/>
      </object_component>
      <object_component id="oc-13">
         <name>.econst:.string</name>
         <load_address>0x8440c</load_address>
         <run_address>0x8440c</run_address>
         <size>0x53</size>
         <input_file_ref idref="fl-1"/>
      </object_component>
      <object_component id="oc-47">
         <name>.econst:.string</name>
         <load_address>0x84460</load_address>
         <run_address>0x84460</run_address>
         <size>0x53</size>
         <input_file_ref idref="fl-9"/>
      </object_component>
      <object_component id="oc-23">
         <name>.econst:.string</name>
         <load_address>0x844b4</load_address>
         <run_address>0x844b4</run_address>
         <size>0x4f</size>
         <input_file_ref idref="fl-4"/>
      </object_component>
      <object_component id="oc-3e">
         <name>.econst:.string</name>
         <load_address>0x84504</load_address>
         <run_address>0x84504</run_address>
         <size>0x4f</size>
         <input_file_ref idref="fl-8"/>
      </object_component>
      <object_component id="oc-30">
         <name>.econst:.string</name>
         <load_address>0x84554</load_address>
         <run_address>0x84554</run_address>
         <size>0x4e</size>
         <input_file_ref idref="fl-6"/>
      </object_component>
      <object_component id="oc-19">
         <name>.econst:.string</name>
         <load_address>0x845a2</load_address>
         <run_address>0x845a2</run_address>
         <size>0x13</size>
         <input_file_ref idref="fl-2"/>
      </object_component>
      <object_component id="oc-b9">
         <name>.TI.ramfunc:_Flash_initModule</name>
         <load_address>0x81000</load_address>
         <run_address>0x8000</run_address>
         <size>0x44</size>
         <input_file_ref idref="fl-12"/>
      </object_component>
      <object_component id="oc-ca">
         <name>.TI.ramfunc:_Flash_setBankPowerMode</name>
         <load_address>0x81044</load_address>
         <run_address>0x8044</run_address>
         <size>0x32</size>
         <input_file_ref idref="fl-12"/>
      </object_component>
      <object_component id="oc-ce">
         <name>.TI.ramfunc:_Flash_setWaitstates</name>
         <load_address>0x81076</load_address>
         <run_address>0x8076</run_address>
         <size>0x26</size>
         <input_file_ref idref="fl-12"/>
      </object_component>
      <object_component id="oc-cb">
         <name>.TI.ramfunc:_Flash_setPumpPowerMode</name>
         <load_address>0x8109c</load_address>
         <run_address>0x809c</run_address>
         <size>0x1f</size>
         <input_file_ref idref="fl-12"/>
      </object_component>
      <object_component id="oc-cc">
         <name>.TI.ramfunc:_Flash_disableCache</name>
         <load_address>0x810bb</load_address>
         <run_address>0x80bb</run_address>
         <size>0x18</size>
         <input_file_ref idref="fl-12"/>
      </object_component>
      <object_component id="oc-cd">
         <name>.TI.ramfunc:_Flash_disablePrefetch</name>
         <load_address>0x810d3</load_address>
         <run_address>0x80d3</run_address>
         <size>0x18</size>
         <input_file_ref idref="fl-12"/>
      </object_component>
      <object_component id="oc-cf">
         <name>.TI.ramfunc:_Flash_enableCache</name>
         <load_address>0x810eb</load_address>
         <run_address>0x80eb</run_address>
         <size>0x18</size>
         <input_file_ref idref="fl-12"/>
      </object_component>
      <object_component id="oc-d0">
         <name>.TI.ramfunc:_Flash_enablePrefetch</name>
         <load_address>0x81103</load_address>
         <run_address>0x8103</run_address>
         <size>0x18</size>
         <input_file_ref idref="fl-12"/>
      </object_component>
      <object_component id="oc-d1">
         <name>.TI.ramfunc:_Flash_enableECC</name>
         <load_address>0x8111b</load_address>
         <run_address>0x811b</run_address>
         <size>0x17</size>
         <input_file_ref idref="fl-12"/>
      </object_component>
      <object_component id="oc-71">
         <name>.TI.ramfunc</name>
         <load_address>0x81132</load_address>
         <run_address>0x8132</run_address>
         <size>0x4</size>
         <input_file_ref idref="fl-15"/>
      </object_component>
      <object_component id="oc-11">
         <name>.debug_info</name>
         <load_address>0x0</load_address>
         <run_address>0x0</run_address>
         <size>0x1277</size>
         <input_file_ref idref="fl-1"/>
      </object_component>
      <object_component id="oc-18">
         <name>.debug_info</name>
         <load_address>0x1277</load_address>
         <run_address>0x1277</run_address>
         <size>0x1abb</size>
         <input_file_ref idref="fl-2"/>
      </object_component>
      <object_component id="oc-1f">
         <name>.debug_info</name>
         <load_address>0x2d32</load_address>
         <run_address>0x2d32</run_address>
         <size>0xf7</size>
         <input_file_ref idref="fl-3"/>
      </object_component>
      <object_component id="oc-22">
         <name>.debug_info</name>
         <load_address>0x2e29</load_address>
         <run_address>0x2e29</run_address>
         <size>0xa46</size>
         <input_file_ref idref="fl-4"/>
      </object_component>
      <object_component id="oc-28">
         <name>.debug_info</name>
         <load_address>0x386f</load_address>
         <run_address>0x386f</run_address>
         <size>0x864</size>
         <input_file_ref idref="fl-5"/>
      </object_component>
      <object_component id="oc-2d">
         <name>.debug_info</name>
         <load_address>0x40d3</load_address>
         <run_address>0x40d3</run_address>
         <size>0x2523</size>
         <input_file_ref idref="fl-6"/>
      </object_component>
      <object_component id="oc-35">
         <name>.debug_info</name>
         <load_address>0x65f6</load_address>
         <run_address>0x65f6</run_address>
         <size>0x5eb7</size>
         <input_file_ref idref="fl-7"/>
      </object_component>
      <object_component id="oc-3d">
         <name>.debug_info</name>
         <load_address>0xc4ad</load_address>
         <run_address>0xc4ad</run_address>
         <size>0x93f</size>
         <input_file_ref idref="fl-8"/>
      </object_component>
      <object_component id="oc-43">
         <name>.debug_info</name>
         <load_address>0xcdec</load_address>
         <run_address>0xcdec</run_address>
         <size>0x1be3</size>
         <input_file_ref idref="fl-9"/>
      </object_component>
      <object_component id="oc-4c">
         <name>.debug_info</name>
         <load_address>0xe9cf</load_address>
         <run_address>0xe9cf</run_address>
         <size>0x869</size>
         <input_file_ref idref="fl-f"/>
      </object_component>
      <object_component id="oc-52">
         <name>.debug_info</name>
         <load_address>0xf238</load_address>
         <run_address>0xf238</run_address>
         <size>0x75c</size>
         <input_file_ref idref="fl-10"/>
      </object_component>
      <object_component id="oc-58">
         <name>.debug_info</name>
         <load_address>0xf994</load_address>
         <run_address>0xf994</run_address>
         <size>0x744</size>
         <input_file_ref idref="fl-11"/>
      </object_component>
      <object_component id="oc-5e">
         <name>.debug_info</name>
         <load_address>0x100d8</load_address>
         <run_address>0x100d8</run_address>
         <size>0x15f7</size>
         <input_file_ref idref="fl-12"/>
      </object_component>
      <object_component id="oc-64">
         <name>.debug_info</name>
         <load_address>0x116cf</load_address>
         <run_address>0x116cf</run_address>
         <size>0xcc0</size>
         <input_file_ref idref="fl-13"/>
      </object_component>
      <object_component id="oc-6a">
         <name>.debug_info</name>
         <load_address>0x1238f</load_address>
         <run_address>0x1238f</run_address>
         <size>0xdfc</size>
         <input_file_ref idref="fl-14"/>
      </object_component>
      <object_component id="oc-70">
         <name>.debug_info</name>
         <load_address>0x1318b</load_address>
         <run_address>0x1318b</run_address>
         <size>0x2c84</size>
         <input_file_ref idref="fl-15"/>
      </object_component>
      <object_component id="oc-7a">
         <name>.debug_info</name>
         <load_address>0x15e0f</load_address>
         <run_address>0x15e0f</run_address>
         <size>0x174</size>
         <input_file_ref idref="fl-21"/>
      </object_component>
      <object_component id="oc-7f">
         <name>.debug_info</name>
         <load_address>0x15f83</load_address>
         <run_address>0x15f83</run_address>
         <size>0x115</size>
         <input_file_ref idref="fl-22"/>
      </object_component>
      <object_component id="oc-83">
         <name>.debug_info</name>
         <load_address>0x16098</load_address>
         <run_address>0x16098</run_address>
         <size>0x562</size>
         <input_file_ref idref="fl-23"/>
      </object_component>
      <object_component id="oc-88">
         <name>.debug_info</name>
         <load_address>0x165fa</load_address>
         <run_address>0x165fa</run_address>
         <size>0x43b</size>
         <input_file_ref idref="fl-24"/>
      </object_component>
      <object_component id="oc-8d">
         <name>.debug_info</name>
         <load_address>0x16a35</load_address>
         <run_address>0x16a35</run_address>
         <size>0x3ae</size>
         <input_file_ref idref="fl-25"/>
      </object_component>
      <object_component id="oc-92">
         <name>.debug_info</name>
         <load_address>0x16de3</load_address>
         <run_address>0x16de3</run_address>
         <size>0x3ab</size>
         <input_file_ref idref="fl-26"/>
      </object_component>
      <object_component id="oc-97">
         <name>.debug_info</name>
         <load_address>0x1718e</load_address>
         <run_address>0x1718e</run_address>
         <size>0x545</size>
         <input_file_ref idref="fl-27"/>
      </object_component>
      <object_component id="oc-9e">
         <name>.debug_info</name>
         <load_address>0x176d3</load_address>
         <run_address>0x176d3</run_address>
         <size>0x4cd</size>
         <input_file_ref idref="fl-28"/>
      </object_component>
      <object_component id="oc-a3">
         <name>.debug_info</name>
         <load_address>0x17ba0</load_address>
         <run_address>0x17ba0</run_address>
         <size>0x468</size>
         <input_file_ref idref="fl-29"/>
      </object_component>
      <object_component id="oc-109">
         <name>.debug_info</name>
         <load_address>0x18008</load_address>
         <run_address>0x18008</run_address>
         <size>0x9e</size>
      </object_component>
      <object_component id="oc-14">
         <name>.debug_frame</name>
         <load_address>0x0</load_address>
         <run_address>0x0</run_address>
         <size>0x98</size>
         <input_file_ref idref="fl-1"/>
      </object_component>
      <object_component id="oc-1a">
         <name>.debug_frame</name>
         <load_address>0x98</load_address>
         <run_address>0x98</run_address>
         <size>0xfc</size>
         <input_file_ref idref="fl-2"/>
      </object_component>
      <object_component id="oc-24">
         <name>.debug_frame</name>
         <load_address>0x194</load_address>
         <run_address>0x194</run_address>
         <size>0xb4</size>
         <input_file_ref idref="fl-4"/>
      </object_component>
      <object_component id="oc-29">
         <name>.debug_frame</name>
         <load_address>0x248</load_address>
         <run_address>0x248</run_address>
         <size>0xb4</size>
         <input_file_ref idref="fl-5"/>
      </object_component>
      <object_component id="oc-31">
         <name>.debug_frame</name>
         <load_address>0x2fc</load_address>
         <run_address>0x2fc</run_address>
         <size>0x430</size>
         <input_file_ref idref="fl-6"/>
      </object_component>
      <object_component id="oc-39">
         <name>.debug_frame</name>
         <load_address>0x72c</load_address>
         <run_address>0x72c</run_address>
         <size>0x46c</size>
         <input_file_ref idref="fl-7"/>
      </object_component>
      <object_component id="oc-3f">
         <name>.debug_frame</name>
         <load_address>0xb98</load_address>
         <run_address>0xb98</run_address>
         <size>0xb0</size>
         <input_file_ref idref="fl-8"/>
      </object_component>
      <object_component id="oc-48">
         <name>.debug_frame</name>
         <load_address>0xc48</load_address>
         <run_address>0xc48</run_address>
         <size>0x27c</size>
         <input_file_ref idref="fl-9"/>
      </object_component>
      <object_component id="oc-4e">
         <name>.debug_frame</name>
         <load_address>0x10f4</load_address>
         <run_address>0x10f4</run_address>
         <size>0xc3</size>
         <input_file_ref idref="fl-f"/>
      </object_component>
      <object_component id="oc-54">
         <name>.debug_frame</name>
         <load_address>0x11b7</load_address>
         <run_address>0x11b7</run_address>
         <size>0xc2</size>
         <input_file_ref idref="fl-10"/>
      </object_component>
      <object_component id="oc-5a">
         <name>.debug_frame</name>
         <load_address>0x1279</load_address>
         <run_address>0x1279</run_address>
         <size>0xc2</size>
         <input_file_ref idref="fl-11"/>
      </object_component>
      <object_component id="oc-60">
         <name>.debug_frame</name>
         <load_address>0x133b</load_address>
         <run_address>0x133b</run_address>
         <size>0x1b6</size>
         <input_file_ref idref="fl-12"/>
      </object_component>
      <object_component id="oc-66">
         <name>.debug_frame</name>
         <load_address>0x14f1</load_address>
         <run_address>0x14f1</run_address>
         <size>0xf9</size>
         <input_file_ref idref="fl-13"/>
      </object_component>
      <object_component id="oc-6c">
         <name>.debug_frame</name>
         <load_address>0x15ea</load_address>
         <run_address>0x15ea</run_address>
         <size>0x144</size>
         <input_file_ref idref="fl-14"/>
      </object_component>
      <object_component id="oc-73">
         <name>.debug_frame</name>
         <load_address>0x172e</load_address>
         <run_address>0x172e</run_address>
         <size>0x2b0</size>
         <input_file_ref idref="fl-15"/>
      </object_component>
      <object_component id="oc-84">
         <name>.debug_frame</name>
         <load_address>0xec4</load_address>
         <run_address>0xec4</run_address>
         <size>0x60</size>
         <input_file_ref idref="fl-23"/>
      </object_component>
      <object_component id="oc-89">
         <name>.debug_frame</name>
         <load_address>0xf24</load_address>
         <run_address>0xf24</run_address>
         <size>0x40</size>
         <input_file_ref idref="fl-24"/>
      </object_component>
      <object_component id="oc-8e">
         <name>.debug_frame</name>
         <load_address>0xf64</load_address>
         <run_address>0xf64</run_address>
         <size>0x40</size>
         <input_file_ref idref="fl-25"/>
      </object_component>
      <object_component id="oc-93">
         <name>.debug_frame</name>
         <load_address>0xfa4</load_address>
         <run_address>0xfa4</run_address>
         <size>0x40</size>
         <input_file_ref idref="fl-26"/>
      </object_component>
      <object_component id="oc-9a">
         <name>.debug_frame</name>
         <load_address>0xfe4</load_address>
         <run_address>0xfe4</run_address>
         <size>0x60</size>
         <input_file_ref idref="fl-27"/>
      </object_component>
      <object_component id="oc-9f">
         <name>.debug_frame</name>
         <load_address>0x1044</load_address>
         <run_address>0x1044</run_address>
         <size>0x70</size>
         <input_file_ref idref="fl-28"/>
      </object_component>
      <object_component id="oc-a4">
         <name>.debug_frame</name>
         <load_address>0x10b4</load_address>
         <run_address>0x10b4</run_address>
         <size>0x40</size>
         <input_file_ref idref="fl-29"/>
      </object_component>
      <object_component id="oc-15">
         <name>.debug_line</name>
         <load_address>0x0</load_address>
         <run_address>0x0</run_address>
         <size>0x18e</size>
         <input_file_ref idref="fl-1"/>
      </object_component>
      <object_component id="oc-1b">
         <name>.debug_line</name>
         <load_address>0x18e</load_address>
         <run_address>0x18e</run_address>
         <size>0x1f4</size>
         <input_file_ref idref="fl-2"/>
      </object_component>
      <object_component id="oc-1e">
         <name>.debug_line</name>
         <load_address>0x382</load_address>
         <run_address>0x382</run_address>
         <size>0x54</size>
         <input_file_ref idref="fl-3"/>
      </object_component>
      <object_component id="oc-25">
         <name>.debug_line</name>
         <load_address>0x3d6</load_address>
         <run_address>0x3d6</run_address>
         <size>0x13d</size>
         <input_file_ref idref="fl-4"/>
      </object_component>
      <object_component id="oc-2a">
         <name>.debug_line</name>
         <load_address>0x513</load_address>
         <run_address>0x513</run_address>
         <size>0xb4</size>
         <input_file_ref idref="fl-5"/>
      </object_component>
      <object_component id="oc-32">
         <name>.debug_line</name>
         <load_address>0x5c7</load_address>
         <run_address>0x5c7</run_address>
         <size>0x376</size>
         <input_file_ref idref="fl-6"/>
      </object_component>
      <object_component id="oc-3a">
         <name>.debug_line</name>
         <load_address>0x93d</load_address>
         <run_address>0x93d</run_address>
         <size>0x6cb</size>
         <input_file_ref idref="fl-7"/>
      </object_component>
      <object_component id="oc-40">
         <name>.debug_line</name>
         <load_address>0x1008</load_address>
         <run_address>0x1008</run_address>
         <size>0x116</size>
         <input_file_ref idref="fl-8"/>
      </object_component>
      <object_component id="oc-49">
         <name>.debug_line</name>
         <load_address>0x111e</load_address>
         <run_address>0x111e</run_address>
         <size>0x346</size>
         <input_file_ref idref="fl-9"/>
      </object_component>
      <object_component id="oc-4f">
         <name>.debug_line</name>
         <load_address>0x1464</load_address>
         <run_address>0x1464</run_address>
         <size>0x13c</size>
         <input_file_ref idref="fl-f"/>
      </object_component>
      <object_component id="oc-55">
         <name>.debug_line</name>
         <load_address>0x15a0</load_address>
         <run_address>0x15a0</run_address>
         <size>0x10d</size>
         <input_file_ref idref="fl-10"/>
      </object_component>
      <object_component id="oc-5b">
         <name>.debug_line</name>
         <load_address>0x16ad</load_address>
         <run_address>0x16ad</run_address>
         <size>0x103</size>
         <input_file_ref idref="fl-11"/>
      </object_component>
      <object_component id="oc-61">
         <name>.debug_line</name>
         <load_address>0x17b0</load_address>
         <run_address>0x17b0</run_address>
         <size>0x20a</size>
         <input_file_ref idref="fl-12"/>
      </object_component>
      <object_component id="oc-67">
         <name>.debug_line</name>
         <load_address>0x19ba</load_address>
         <run_address>0x19ba</run_address>
         <size>0x1e4</size>
         <input_file_ref idref="fl-13"/>
      </object_component>
      <object_component id="oc-6d">
         <name>.debug_line</name>
         <load_address>0x1b9e</load_address>
         <run_address>0x1b9e</run_address>
         <size>0x1f8</size>
         <input_file_ref idref="fl-14"/>
      </object_component>
      <object_component id="oc-74">
         <name>.debug_line</name>
         <load_address>0x1d96</load_address>
         <run_address>0x1d96</run_address>
         <size>0x574</size>
         <input_file_ref idref="fl-15"/>
      </object_component>
      <object_component id="oc-7b">
         <name>.debug_line</name>
         <load_address>0x230a</load_address>
         <run_address>0x230a</run_address>
         <size>0x7e</size>
         <input_file_ref idref="fl-21"/>
      </object_component>
      <object_component id="oc-80">
         <name>.debug_line</name>
         <load_address>0x2388</load_address>
         <run_address>0x2388</run_address>
         <size>0xad</size>
         <input_file_ref idref="fl-22"/>
      </object_component>
      <object_component id="oc-85">
         <name>.debug_line</name>
         <load_address>0x2435</load_address>
         <run_address>0x2435</run_address>
         <size>0x50</size>
         <input_file_ref idref="fl-23"/>
      </object_component>
      <object_component id="oc-8a">
         <name>.debug_line</name>
         <load_address>0x2485</load_address>
         <run_address>0x2485</run_address>
         <size>0x62</size>
         <input_file_ref idref="fl-24"/>
      </object_component>
      <object_component id="oc-8f">
         <name>.debug_line</name>
         <load_address>0x24e7</load_address>
         <run_address>0x24e7</run_address>
         <size>0x3e</size>
         <input_file_ref idref="fl-25"/>
      </object_component>
      <object_component id="oc-94">
         <name>.debug_line</name>
         <load_address>0x2525</load_address>
         <run_address>0x2525</run_address>
         <size>0x3a</size>
         <input_file_ref idref="fl-26"/>
      </object_component>
      <object_component id="oc-9b">
         <name>.debug_line</name>
         <load_address>0x255f</load_address>
         <run_address>0x255f</run_address>
         <size>0x65</size>
         <input_file_ref idref="fl-27"/>
      </object_component>
      <object_component id="oc-a0">
         <name>.debug_line</name>
         <load_address>0x25c4</load_address>
         <run_address>0x25c4</run_address>
         <size>0x5e</size>
         <input_file_ref idref="fl-28"/>
      </object_component>
      <object_component id="oc-a5">
         <name>.debug_line</name>
         <load_address>0x2622</load_address>
         <run_address>0x2622</run_address>
         <size>0x55</size>
         <input_file_ref idref="fl-29"/>
      </object_component>
      <object_component id="oc-16">
         <name>.debug_abbrev</name>
         <load_address>0x0</load_address>
         <run_address>0x0</run_address>
         <size>0x164</size>
         <input_file_ref idref="fl-1"/>
      </object_component>
      <object_component id="oc-1c">
         <name>.debug_abbrev</name>
         <load_address>0x164</load_address>
         <run_address>0x164</run_address>
         <size>0x12a</size>
         <input_file_ref idref="fl-2"/>
      </object_component>
      <object_component id="oc-20">
         <name>.debug_abbrev</name>
         <load_address>0x28e</load_address>
         <run_address>0x28e</run_address>
         <size>0x21</size>
         <input_file_ref idref="fl-3"/>
      </object_component>
      <object_component id="oc-26">
         <name>.debug_abbrev</name>
         <load_address>0x2af</load_address>
         <run_address>0x2af</run_address>
         <size>0x168</size>
         <input_file_ref idref="fl-4"/>
      </object_component>
      <object_component id="oc-2b">
         <name>.debug_abbrev</name>
         <load_address>0x417</load_address>
         <run_address>0x417</run_address>
         <size>0xe3</size>
         <input_file_ref idref="fl-5"/>
      </object_component>
      <object_component id="oc-33">
         <name>.debug_abbrev</name>
         <load_address>0x4fa</load_address>
         <run_address>0x4fa</run_address>
         <size>0x169</size>
         <input_file_ref idref="fl-6"/>
      </object_component>
      <object_component id="oc-3b">
         <name>.debug_abbrev</name>
         <load_address>0x663</load_address>
         <run_address>0x663</run_address>
         <size>0x16f</size>
         <input_file_ref idref="fl-7"/>
      </object_component>
      <object_component id="oc-41">
         <name>.debug_abbrev</name>
         <load_address>0x7d2</load_address>
         <run_address>0x7d2</run_address>
         <size>0x126</size>
         <input_file_ref idref="fl-8"/>
      </object_component>
      <object_component id="oc-4a">
         <name>.debug_abbrev</name>
         <load_address>0x8f8</load_address>
         <run_address>0x8f8</run_address>
         <size>0x197</size>
         <input_file_ref idref="fl-9"/>
      </object_component>
      <object_component id="oc-50">
         <name>.debug_abbrev</name>
         <load_address>0xa8f</load_address>
         <run_address>0xa8f</run_address>
         <size>0xff</size>
         <input_file_ref idref="fl-f"/>
      </object_component>
      <object_component id="oc-56">
         <name>.debug_abbrev</name>
         <load_address>0xb8e</load_address>
         <run_address>0xb8e</run_address>
         <size>0xfa</size>
         <input_file_ref idref="fl-10"/>
      </object_component>
      <object_component id="oc-5c">
         <name>.debug_abbrev</name>
         <load_address>0xc88</load_address>
         <run_address>0xc88</run_address>
         <size>0xf1</size>
         <input_file_ref idref="fl-11"/>
      </object_component>
      <object_component id="oc-62">
         <name>.debug_abbrev</name>
         <load_address>0xd79</load_address>
         <run_address>0xd79</run_address>
         <size>0x149</size>
         <input_file_ref idref="fl-12"/>
      </object_component>
      <object_component id="oc-68">
         <name>.debug_abbrev</name>
         <load_address>0xec2</load_address>
         <run_address>0xec2</run_address>
         <size>0x1d6</size>
         <input_file_ref idref="fl-13"/>
      </object_component>
      <object_component id="oc-6e">
         <name>.debug_abbrev</name>
         <load_address>0x1098</load_address>
         <run_address>0x1098</run_address>
         <size>0x193</size>
         <input_file_ref idref="fl-14"/>
      </object_component>
      <object_component id="oc-75">
         <name>.debug_abbrev</name>
         <load_address>0x122b</load_address>
         <run_address>0x122b</run_address>
         <size>0x219</size>
         <input_file_ref idref="fl-15"/>
      </object_component>
      <object_component id="oc-7c">
         <name>.debug_abbrev</name>
         <load_address>0x1444</load_address>
         <run_address>0x1444</run_address>
         <size>0x46</size>
         <input_file_ref idref="fl-21"/>
      </object_component>
      <object_component id="oc-81">
         <name>.debug_abbrev</name>
         <load_address>0x148a</load_address>
         <run_address>0x148a</run_address>
         <size>0x38</size>
         <input_file_ref idref="fl-22"/>
      </object_component>
      <object_component id="oc-86">
         <name>.debug_abbrev</name>
         <load_address>0x14c2</load_address>
         <run_address>0x14c2</run_address>
         <size>0xe3</size>
         <input_file_ref idref="fl-23"/>
      </object_component>
      <object_component id="oc-8b">
         <name>.debug_abbrev</name>
         <load_address>0x15a5</load_address>
         <run_address>0x15a5</run_address>
         <size>0xa8</size>
         <input_file_ref idref="fl-24"/>
      </object_component>
      <object_component id="oc-90">
         <name>.debug_abbrev</name>
         <load_address>0x164d</load_address>
         <run_address>0x164d</run_address>
         <size>0x68</size>
         <input_file_ref idref="fl-25"/>
      </object_component>
      <object_component id="oc-95">
         <name>.debug_abbrev</name>
         <load_address>0x16b5</load_address>
         <run_address>0x16b5</run_address>
         <size>0x66</size>
         <input_file_ref idref="fl-26"/>
      </object_component>
      <object_component id="oc-9c">
         <name>.debug_abbrev</name>
         <load_address>0x171b</load_address>
         <run_address>0x171b</run_address>
         <size>0x130</size>
         <input_file_ref idref="fl-27"/>
      </object_component>
      <object_component id="oc-a1">
         <name>.debug_abbrev</name>
         <load_address>0x184b</load_address>
         <run_address>0x184b</run_address>
         <size>0xb2</size>
         <input_file_ref idref="fl-28"/>
      </object_component>
      <object_component id="oc-a6">
         <name>.debug_abbrev</name>
         <load_address>0x18fd</load_address>
         <run_address>0x18fd</run_address>
         <size>0xee</size>
         <input_file_ref idref="fl-29"/>
      </object_component>
      <object_component id="oc-10a">
         <name>.debug_abbrev</name>
         <load_address>0x19eb</load_address>
         <run_address>0x19eb</run_address>
         <size>0xf</size>
      </object_component>
      <object_component id="oc-17">
         <name>.debug_aranges</name>
         <load_address>0x0</load_address>
         <run_address>0x0</run_address>
         <size>0x38</size>
         <input_file_ref idref="fl-1"/>
      </object_component>
      <object_component id="oc-1d">
         <name>.debug_aranges</name>
         <load_address>0x38</load_address>
         <run_address>0x38</run_address>
         <size>0x58</size>
         <input_file_ref idref="fl-2"/>
      </object_component>
      <object_component id="oc-21">
         <name>.debug_aranges</name>
         <load_address>0x90</load_address>
         <run_address>0x90</run_address>
         <size>0x20</size>
         <input_file_ref idref="fl-3"/>
      </object_component>
      <object_component id="oc-27">
         <name>.debug_aranges</name>
         <load_address>0xb0</load_address>
         <run_address>0xb0</run_address>
         <size>0x40</size>
         <input_file_ref idref="fl-4"/>
      </object_component>
      <object_component id="oc-2c">
         <name>.debug_aranges</name>
         <load_address>0xf0</load_address>
         <run_address>0xf0</run_address>
         <size>0x40</size>
         <input_file_ref idref="fl-5"/>
      </object_component>
      <object_component id="oc-34">
         <name>.debug_aranges</name>
         <load_address>0x130</load_address>
         <run_address>0x130</run_address>
         <size>0xc8</size>
         <input_file_ref idref="fl-6"/>
      </object_component>
      <object_component id="oc-3c">
         <name>.debug_aranges</name>
         <load_address>0x1f8</load_address>
         <run_address>0x1f8</run_address>
         <size>0x150</size>
         <input_file_ref idref="fl-7"/>
      </object_component>
      <object_component id="oc-42">
         <name>.debug_aranges</name>
         <load_address>0x348</load_address>
         <run_address>0x348</run_address>
         <size>0x40</size>
         <input_file_ref idref="fl-8"/>
      </object_component>
      <object_component id="oc-4b">
         <name>.debug_aranges</name>
         <load_address>0x388</load_address>
         <run_address>0x388</run_address>
         <size>0xa0</size>
         <input_file_ref idref="fl-9"/>
      </object_component>
      <object_component id="oc-51">
         <name>.debug_aranges</name>
         <load_address>0x428</load_address>
         <run_address>0x428</run_address>
         <size>0x28</size>
         <input_file_ref idref="fl-f"/>
      </object_component>
      <object_component id="oc-57">
         <name>.debug_aranges</name>
         <load_address>0x450</load_address>
         <run_address>0x450</run_address>
         <size>0x28</size>
         <input_file_ref idref="fl-10"/>
      </object_component>
      <object_component id="oc-5d">
         <name>.debug_aranges</name>
         <load_address>0x478</load_address>
         <run_address>0x478</run_address>
         <size>0x28</size>
         <input_file_ref idref="fl-11"/>
      </object_component>
      <object_component id="oc-63">
         <name>.debug_aranges</name>
         <load_address>0x4a0</load_address>
         <run_address>0x4a0</run_address>
         <size>0x70</size>
         <input_file_ref idref="fl-12"/>
      </object_component>
      <object_component id="oc-69">
         <name>.debug_aranges</name>
         <load_address>0x510</load_address>
         <run_address>0x510</run_address>
         <size>0x38</size>
         <input_file_ref idref="fl-13"/>
      </object_component>
      <object_component id="oc-6f">
         <name>.debug_aranges</name>
         <load_address>0x548</load_address>
         <run_address>0x548</run_address>
         <size>0x58</size>
         <input_file_ref idref="fl-14"/>
      </object_component>
      <object_component id="oc-76">
         <name>.debug_aranges</name>
         <load_address>0x5a0</load_address>
         <run_address>0x5a0</run_address>
         <size>0xc0</size>
         <input_file_ref idref="fl-15"/>
      </object_component>
      <object_component id="oc-7d">
         <name>.debug_aranges</name>
         <load_address>0x660</load_address>
         <run_address>0x660</run_address>
         <size>0x20</size>
         <input_file_ref idref="fl-21"/>
      </object_component>
      <object_component id="oc-82">
         <name>.debug_aranges</name>
         <load_address>0x680</load_address>
         <run_address>0x680</run_address>
         <size>0x20</size>
         <input_file_ref idref="fl-22"/>
      </object_component>
      <object_component id="oc-87">
         <name>.debug_aranges</name>
         <load_address>0x6a0</load_address>
         <run_address>0x6a0</run_address>
         <size>0x20</size>
         <input_file_ref idref="fl-23"/>
      </object_component>
      <object_component id="oc-8c">
         <name>.debug_aranges</name>
         <load_address>0x6c0</load_address>
         <run_address>0x6c0</run_address>
         <size>0x20</size>
         <input_file_ref idref="fl-24"/>
      </object_component>
      <object_component id="oc-91">
         <name>.debug_aranges</name>
         <load_address>0x6e0</load_address>
         <run_address>0x6e0</run_address>
         <size>0x20</size>
         <input_file_ref idref="fl-25"/>
      </object_component>
      <object_component id="oc-96">
         <name>.debug_aranges</name>
         <load_address>0x700</load_address>
         <run_address>0x700</run_address>
         <size>0x20</size>
         <input_file_ref idref="fl-26"/>
      </object_component>
      <object_component id="oc-9d">
         <name>.debug_aranges</name>
         <load_address>0x720</load_address>
         <run_address>0x720</run_address>
         <size>0x28</size>
         <input_file_ref idref="fl-27"/>
      </object_component>
      <object_component id="oc-a2">
         <name>.debug_aranges</name>
         <load_address>0x748</load_address>
         <run_address>0x748</run_address>
         <size>0x30</size>
         <input_file_ref idref="fl-28"/>
      </object_component>
      <object_component id="oc-a7">
         <name>.debug_aranges</name>
         <load_address>0x778</load_address>
         <run_address>0x778</run_address>
         <size>0x20</size>
         <input_file_ref idref="fl-29"/>
      </object_component>
   </object_component_list>
   <logical_group_list>
      <logical_group id="lg-2" display="no" color="cyan">
         <name>codestart</name>
         <load_address>0x80000</load_address>
         <run_address>0x80000</run_address>
         <size>0x2</size>
         <contents>
            <object_component_ref idref="oc-10"/>
         </contents>
      </logical_group>
      <logical_group id="lg-107" display="no" color="cyan">
         <name>.text.1</name>
         <load_address>0x81178</load_address>
         <run_address>0x81178</run_address>
         <size>0xe88</size>
         <contents>
            <object_component_ref idref="oc-c1"/>
            <object_component_ref idref="oc-a8"/>
            <object_component_ref idref="oc-af"/>
            <object_component_ref idref="oc-b3"/>
            <object_component_ref idref="oc-a9"/>
            <object_component_ref idref="oc-7e"/>
            <object_component_ref idref="oc-ba"/>
            <object_component_ref idref="oc-ac"/>
         </contents>
      </logical_group>
      <logical_group id="lg-108" display="no" color="cyan">
         <name>.text.2</name>
         <load_address>0x82000</load_address>
         <run_address>0x82000</run_address>
         <size>0xb39</size>
         <contents>
            <object_component_ref idref="oc-2f"/>
            <object_component_ref idref="oc-bd"/>
            <object_component_ref idref="oc-bc"/>
            <object_component_ref idref="oc-b6"/>
            <object_component_ref idref="oc-c7"/>
            <object_component_ref idref="oc-c0"/>
            <object_component_ref idref="oc-b7"/>
            <object_component_ref idref="oc-46"/>
            <object_component_ref idref="oc-b0"/>
            <object_component_ref idref="oc-e4"/>
            <object_component_ref idref="oc-c6"/>
            <object_component_ref idref="oc-77"/>
            <object_component_ref idref="oc-be"/>
            <object_component_ref idref="oc-d6"/>
            <object_component_ref idref="oc-d8"/>
            <object_component_ref idref="oc-e9"/>
            <object_component_ref idref="oc-c2"/>
            <object_component_ref idref="oc-d7"/>
            <object_component_ref idref="oc-ae"/>
            <object_component_ref idref="oc-e5"/>
            <object_component_ref idref="oc-dc"/>
            <object_component_ref idref="oc-ab"/>
            <object_component_ref idref="oc-ea"/>
            <object_component_ref idref="oc-bf"/>
            <object_component_ref idref="oc-e3"/>
            <object_component_ref idref="oc-e2"/>
            <object_component_ref idref="oc-b2"/>
            <object_component_ref idref="oc-bb"/>
            <object_component_ref idref="oc-b8"/>
            <object_component_ref idref="oc-dd"/>
            <object_component_ref idref="oc-ad"/>
            <object_component_ref idref="oc-e1"/>
            <object_component_ref idref="oc-de"/>
            <object_component_ref idref="oc-e0"/>
            <object_component_ref idref="oc-e6"/>
            <object_component_ref idref="oc-d9"/>
            <object_component_ref idref="oc-df"/>
            <object_component_ref idref="oc-e7"/>
            <object_component_ref idref="oc-e8"/>
            <object_component_ref idref="oc-b1"/>
            <object_component_ref idref="oc-ec"/>
            <object_component_ref idref="oc-c8"/>
            <object_component_ref idref="oc-c9"/>
            <object_component_ref idref="oc-d3"/>
            <object_component_ref idref="oc-d2"/>
            <object_component_ref idref="oc-da"/>
            <object_component_ref idref="oc-c5"/>
            <object_component_ref idref="oc-c3"/>
            <object_component_ref idref="oc-eb"/>
            <object_component_ref idref="oc-d5"/>
            <object_component_ref idref="oc-d4"/>
            <object_component_ref idref="oc-aa"/>
         </contents>
      </logical_group>
      <split_section id="lg-3" display="no" color="cyan">
         <name>.text</name>
         <contents>
            <logical_group_ref idref="lg-107"/>
            <logical_group_ref idref="lg-108"/>
         </contents>
      </split_section>
      <logical_group id="lg-4" display="no" color="cyan">
         <name>.cinit</name>
         <load_address>0x81138</load_address>
         <run_address>0x81138</run_address>
         <size>0x40</size>
         <contents>
            <object_component_ref idref="oc-44"/>
            <object_component_ref idref="oc-36"/>
            <object_component_ref idref="oc-98"/>
            <object_component_ref idref="oc-b5"/>
            <object_component_ref idref="oc-c4"/>
         </contents>
      </logical_group>
      <logical_group id="lg-5" display="no" color="cyan">
         <name>.pinit</name>
         <run_address>0x0</run_address>
         <size>0x0</size>
         <contents>
         </contents>
      </logical_group>
      <logical_group id="lg-6" display="no" color="cyan">
         <name>.switch</name>
         <run_address>0x0</run_address>
         <size>0x0</size>
         <contents>
         </contents>
      </logical_group>
      <logical_group id="lg-7" display="no" color="cyan">
         <name>.reset</name>
         <load_address>0x3fffc0</load_address>
         <run_address>0x3fffc0</run_address>
         <size>0x2</size>
         <contents>
            <object_component_ref idref="oc-79"/>
         </contents>
      </logical_group>
      <logical_group id="lg-8" display="no" color="cyan">
         <name>.stack</name>
         <run_address>0x400</run_address>
         <size>0x100</size>
         <contents>
            <object_component_ref idref="oc-78"/>
            <object_component_ref idref="oc-106"/>
         </contents>
      </logical_group>
      <logical_group id="lg-9" display="no" color="cyan">
         <name>.ebss</name>
         <run_address>0xa800</run_address>
         <size>0xa6</size>
         <contents>
            <object_component_ref idref="oc-12"/>
            <object_component_ref idref="oc-2e"/>
            <object_component_ref idref="oc-37"/>
            <object_component_ref idref="oc-45"/>
            <object_component_ref idref="oc-99"/>
            <object_component_ref idref="oc-b4"/>
            <object_component_ref idref="oc-db"/>
         </contents>
      </logical_group>
      <logical_group id="lg-a" display="no" color="cyan">
         <name>.esysmem</name>
         <run_address>0x0</run_address>
         <size>0x0</size>
         <contents>
         </contents>
      </logical_group>
      <logical_group id="lg-b" display="no" color="cyan">
         <name>.econst</name>
         <load_address>0x84000</load_address>
         <run_address>0x84000</run_address>
         <size>0x5b5</size>
         <contents>
            <object_component_ref idref="oc-5f"/>
            <object_component_ref idref="oc-72"/>
            <object_component_ref idref="oc-65"/>
            <object_component_ref idref="oc-38"/>
            <object_component_ref idref="oc-6b"/>
            <object_component_ref idref="oc-53"/>
            <object_component_ref idref="oc-59"/>
            <object_component_ref idref="oc-4d"/>
            <object_component_ref idref="oc-13"/>
            <object_component_ref idref="oc-47"/>
            <object_component_ref idref="oc-23"/>
            <object_component_ref idref="oc-3e"/>
            <object_component_ref idref="oc-30"/>
            <object_component_ref idref="oc-19"/>
         </contents>
      </logical_group>
      <logical_group id="lg-c" display="no" color="cyan">
         <name>ramgs0</name>
         <run_address>0x0</run_address>
         <size>0x0</size>
         <contents>
         </contents>
      </logical_group>
      <logical_group id="lg-d" display="no" color="cyan">
         <name>ramgs1</name>
         <run_address>0x0</run_address>
         <size>0x0</size>
         <contents>
         </contents>
      </logical_group>
      <logical_group id="lg-e" display="no" color="cyan">
         <name>.TI.ramfunc</name>
         <load_address>0x81000</load_address>
         <run_address>0x8000</run_address>
         <size>0x136</size>
         <contents>
            <object_component_ref idref="oc-b9"/>
            <object_component_ref idref="oc-ca"/>
            <object_component_ref idref="oc-ce"/>
            <object_component_ref idref="oc-cb"/>
            <object_component_ref idref="oc-cc"/>
            <object_component_ref idref="oc-cd"/>
            <object_component_ref idref="oc-cf"/>
            <object_component_ref idref="oc-d0"/>
            <object_component_ref idref="oc-d1"/>
            <object_component_ref idref="oc-71"/>
         </contents>
      </logical_group>
      <logical_group id="lg-fa" display="never" color="cyan">
         <name>.debug_info</name>
         <load_address>0x0</load_address>
         <run_address>0x0</run_address>
         <size>0x180a6</size>
         <contents>
            <object_component_ref idref="oc-11"/>
            <object_component_ref idref="oc-18"/>
            <object_component_ref idref="oc-1f"/>
            <object_component_ref idref="oc-22"/>
            <object_component_ref idref="oc-28"/>
            <object_component_ref idref="oc-2d"/>
            <object_component_ref idref="oc-35"/>
            <object_component_ref idref="oc-3d"/>
            <object_component_ref idref="oc-43"/>
            <object_component_ref idref="oc-4c"/>
            <object_component_ref idref="oc-52"/>
            <object_component_ref idref="oc-58"/>
            <object_component_ref idref="oc-5e"/>
            <object_component_ref idref="oc-64"/>
            <object_component_ref idref="oc-6a"/>
            <object_component_ref idref="oc-70"/>
            <object_component_ref idref="oc-7a"/>
            <object_component_ref idref="oc-7f"/>
            <object_component_ref idref="oc-83"/>
            <object_component_ref idref="oc-88"/>
            <object_component_ref idref="oc-8d"/>
            <object_component_ref idref="oc-92"/>
            <object_component_ref idref="oc-97"/>
            <object_component_ref idref="oc-9e"/>
            <object_component_ref idref="oc-a3"/>
            <object_component_ref idref="oc-109"/>
         </contents>
      </logical_group>
      <logical_group id="lg-fc" display="never" color="cyan">
         <name>.debug_frame</name>
         <load_address>0x0</load_address>
         <run_address>0x0</run_address>
         <size>0x19de</size>
         <contents>
            <object_component_ref idref="oc-14"/>
            <object_component_ref idref="oc-1a"/>
            <object_component_ref idref="oc-24"/>
            <object_component_ref idref="oc-29"/>
            <object_component_ref idref="oc-31"/>
            <object_component_ref idref="oc-39"/>
            <object_component_ref idref="oc-3f"/>
            <object_component_ref idref="oc-48"/>
            <object_component_ref idref="oc-4e"/>
            <object_component_ref idref="oc-54"/>
            <object_component_ref idref="oc-5a"/>
            <object_component_ref idref="oc-60"/>
            <object_component_ref idref="oc-66"/>
            <object_component_ref idref="oc-6c"/>
            <object_component_ref idref="oc-73"/>
            <object_component_ref idref="oc-84"/>
            <object_component_ref idref="oc-89"/>
            <object_component_ref idref="oc-8e"/>
            <object_component_ref idref="oc-93"/>
            <object_component_ref idref="oc-9a"/>
            <object_component_ref idref="oc-9f"/>
            <object_component_ref idref="oc-a4"/>
         </contents>
      </logical_group>
      <logical_group id="lg-fe" display="never" color="cyan">
         <name>.debug_line</name>
         <load_address>0x0</load_address>
         <run_address>0x0</run_address>
         <size>0x2677</size>
         <contents>
            <object_component_ref idref="oc-15"/>
            <object_component_ref idref="oc-1b"/>
            <object_component_ref idref="oc-1e"/>
            <object_component_ref idref="oc-25"/>
            <object_component_ref idref="oc-2a"/>
            <object_component_ref idref="oc-32"/>
            <object_component_ref idref="oc-3a"/>
            <object_component_ref idref="oc-40"/>
            <object_component_ref idref="oc-49"/>
            <object_component_ref idref="oc-4f"/>
            <object_component_ref idref="oc-55"/>
            <object_component_ref idref="oc-5b"/>
            <object_component_ref idref="oc-61"/>
            <object_component_ref idref="oc-67"/>
            <object_component_ref idref="oc-6d"/>
            <object_component_ref idref="oc-74"/>
            <object_component_ref idref="oc-7b"/>
            <object_component_ref idref="oc-80"/>
            <object_component_ref idref="oc-85"/>
            <object_component_ref idref="oc-8a"/>
            <object_component_ref idref="oc-8f"/>
            <object_component_ref idref="oc-94"/>
            <object_component_ref idref="oc-9b"/>
            <object_component_ref idref="oc-a0"/>
            <object_component_ref idref="oc-a5"/>
         </contents>
      </logical_group>
      <logical_group id="lg-100" display="never" color="cyan">
         <name>.debug_abbrev</name>
         <load_address>0x0</load_address>
         <run_address>0x0</run_address>
         <size>0x19fa</size>
         <contents>
            <object_component_ref idref="oc-16"/>
            <object_component_ref idref="oc-1c"/>
            <object_component_ref idref="oc-20"/>
            <object_component_ref idref="oc-26"/>
            <object_component_ref idref="oc-2b"/>
            <object_component_ref idref="oc-33"/>
            <object_component_ref idref="oc-3b"/>
            <object_component_ref idref="oc-41"/>
            <object_component_ref idref="oc-4a"/>
            <object_component_ref idref="oc-50"/>
            <object_component_ref idref="oc-56"/>
            <object_component_ref idref="oc-5c"/>
            <object_component_ref idref="oc-62"/>
            <object_component_ref idref="oc-68"/>
            <object_component_ref idref="oc-6e"/>
            <object_component_ref idref="oc-75"/>
            <object_component_ref idref="oc-7c"/>
            <object_component_ref idref="oc-81"/>
            <object_component_ref idref="oc-86"/>
            <object_component_ref idref="oc-8b"/>
            <object_component_ref idref="oc-90"/>
            <object_component_ref idref="oc-95"/>
            <object_component_ref idref="oc-9c"/>
            <object_component_ref idref="oc-a1"/>
            <object_component_ref idref="oc-a6"/>
            <object_component_ref idref="oc-10a"/>
         </contents>
      </logical_group>
      <logical_group id="lg-102" display="never" color="cyan">
         <name>.debug_aranges</name>
         <load_address>0x0</load_address>
         <run_address>0x0</run_address>
         <size>0x798</size>
         <contents>
            <object_component_ref idref="oc-17"/>
            <object_component_ref idref="oc-1d"/>
            <object_component_ref idref="oc-21"/>
            <object_component_ref idref="oc-27"/>
            <object_component_ref idref="oc-2c"/>
            <object_component_ref idref="oc-34"/>
            <object_component_ref idref="oc-3c"/>
            <object_component_ref idref="oc-42"/>
            <object_component_ref idref="oc-4b"/>
            <object_component_ref idref="oc-51"/>
            <object_component_ref idref="oc-57"/>
            <object_component_ref idref="oc-5d"/>
            <object_component_ref idref="oc-63"/>
            <object_component_ref idref="oc-69"/>
            <object_component_ref idref="oc-6f"/>
            <object_component_ref idref="oc-76"/>
            <object_component_ref idref="oc-7d"/>
            <object_component_ref idref="oc-82"/>
            <object_component_ref idref="oc-87"/>
            <object_component_ref idref="oc-8c"/>
            <object_component_ref idref="oc-91"/>
            <object_component_ref idref="oc-96"/>
            <object_component_ref idref="oc-9d"/>
            <object_component_ref idref="oc-a2"/>
            <object_component_ref idref="oc-a7"/>
         </contents>
      </logical_group>
   </logical_group_list>
   <placement_map>
      <memory_area display="yes" color="green">
         <name>RAMM0</name>
         <page_id>0x0</page_id>
         <origin>0xf5</origin>
         <length>0x30b</length>
         <used_space>0x0</used_space>
         <unused_space>0x30b</unused_space>
         <attributes>RWIX</attributes>
         <usage_details>
         </usage_details>
      </memory_area>
      <memory_area display="yes" color="green">
         <name>RAMLS0</name>
         <page_id>0x0</page_id>
         <origin>0x8000</origin>
         <length>0x800</length>
         <used_space>0x136</used_space>
         <unused_space>0x6ca</unused_space>
         <attributes>RWIX</attributes>
         <usage_details>
            <allocated_space>
[...]
         <attributes>RWIX</attributes>
         <usage_details>
         </usage_details>
      </memory_area>
      <memory_area display="yes" color="green">
         <name>BOOT_RSVD</name>
         <page_id>0x1</page_id>
         <origin>0x2</origin>
         <length>0xf3</length>
         <used_space>0x0</used_space>
         <unused_space>0xf3</unused_space>
         <attributes>RWIX</attributes>
         <usage_details>
         </usage_details>
      </memory_area>
      <memory_area display="yes" color="green">
         <name>RAMM1</name>
         <page_id>0x1</page_id>
         <origin>0x400</origin>
         <length>0x400</length>
         <used_space>0x100</used_space>
         <unused_space>0x300</unused_space>
         <attributes>RWIX</attributes>
         <usage_details>
            <allocated_space>
               <start_address>0x400</start_address>
               <size>0x100</size>
               <logical_group_ref idref="lg-8"/>
            </allocated_space>
            <available_space>
               <start_address>0x500</start_address>
               <size>0x300</size>
            </available_space>
         </usage_details>
      </memory_area>
      <memory_area display="yes" color="green">
         <name>RAMLS5</name>
         <page_id>0x1</page_id>
         <origin>0xa800</origin>
         <length>0x800</length>
         <used_space>0xa6</used_space>
         <unused_space>0x75a</unused_space>
         <attributes>RWIX</attributes>
         <usage_details>
            <allocated_space>
               <start_address>0xa800</start_address>
               <size>0xa6</size>
               <logical_group_ref idref="lg-9"/>
            </allocated_space>
            <available_space>
               <start_address>0xa8a6</start_address>
               <size>0x75a</size>
            </available_space>
         </usage_details>
      </memory_area>
      <memory_area display="yes" color="green">
         <name>RAMLS6</name>
         <page_id>0x1</page_id>
         <origin>0xb000</origin>
         <length>0x800</length>
         <used_space>0x0</used_space>
         <unused_space>0x800</unused_space>
         <attributes>RWIX</attributes>
         <usage_details>
         </usage_details>
      </memory_area>
      <memory_area display="yes" color="green">
         <name>RAMLS7</name>
         <page_id>0x1</page_id>
         <origin>0xb800</origin>
         <length>0x800</length>
         <used_space>0x0</used_space>
         <unused_space>0x800</unused_space>
         <attributes>RWIX</attributes>
         <usage_details>
         </usage_details>
      </memory_area>
      <memory_area display="yes" color="green">
         <name>RAMGS0</name>
         <page_id>0x1</page_id>
         <origin>0xc000</origin>
         <length>0x2000</length>
         <used_space>0x0</used_space>
         <unused_space>0x2000</unused_space>
         <attributes>RWIX</attributes>
         <usage_details>
         </usage_details>
      </memory_area>
      <memory_area display="yes" color="green">
         <name>RAMGS1</name>
         <page_id>0x1</page_id>
         <origin>0xe000</origin>
         <length>0x2000</length>
         <used_space>0x0</used_space>
         <unused_space>0x2000</unused_space>
         <attributes>RWIX</attributes>
         <usage_details>
         </usage_details>
      </memory_area>
      <memory_area display="yes" color="green">
         <name>RAMGS2</name>
         <page_id>0x1</page_id>
         <origin>0x10000</origin>
         <length>0x2000</length>
         <used_space>0x0</used_space>
         <unused_space>0x2000</unused_space>
         <attributes>RWIX</attributes>
         <usage_details>
         </usage_details>
      </memory_area>
      <memory_area display="yes" color="green">
         <name>RAMGS3</name>
         <page_id>0x1</page_id>
         <origin>0x12000</origin>
         <length>0x2000</length>
         <used_space>0x0</used_space>
         <unused_space>0x2000</unused_space>
         <attributes>RWIX</attributes>
         <usage_details>
         </usage_details>
      </memory_area>
   </placement_map>
   <symbol_table>
      <symbol id="sm-0">
         <name>_RamfuncsLoadStart</name>
         <value>0x81000</value>
      </symbol>
      <symbol id="sm-1">
         <name>_RamfuncsLoadSize</name>
         <value>0x136</value>
      </symbol>
      <symbol id="sm-2">
         <name>_RamfuncsLoadEnd</name>
         <value>0x81136</value>
      </symbol>
      <symbol id="sm-3">
         <name>_RamfuncsRunStart</name>
         <value>0x8000</value>
      </symbol>
      <symbol id="sm-4">
         <name>_RamfuncsRunSize</name>
         <value>0x136</value>
      </symbol>
      <symbol id="sm-5">
         <name>_RamfuncsRunEnd</name>
         <value>0x8136</value>
      </symbol>
      <symbol id="sm-6">
         <name>cinit</name>
         <value>0x81138</value>
      </symbol>
      <symbol id="sm-7">
         <name>___cinit__</name>
         <value>0x81138</value>
      </symbol>
      <symbol id="sm-8">
         <name>pinit</name>
         <value>0xffffffff</value>
      </symbol>
      <symbol id="sm-9">
         <name>___pinit__</name>
         <value>0xffffffff</value>
      </symbol>
      <symbol id="sm-a">
         <name>binit</name>
         <value>0xffffffff</value>
      </symbol>
      <symbol id="sm-b">
         <name>___binit__</name>
         <value>0xffffffff</value>
      </symbol>
      <symbol id="sm-c">
         <name>__STACK_SIZE</name>
         <value>0x100</value>
      </symbol>
      <symbol id="sm-d">
         <name>__STACK_END</name>
         <value>0x500</value>
      </symbol>
      <symbol id="sm-e">
         <name>___c_args__</name>
         <value>0xffffffff</value>
      </symbol>
      <symbol id="sm-f">
         <name>.text</name>
         <value>0xffffffff</value>
      </symbol>
      <symbol id="sm-10">
         <name>___text__</name>
         <value>0xffffffff</value>
      </symbol>
      <symbol id="sm-11">
         <name>etext</name>
         <value>0xffffffff</value>
      </symbol>
      <symbol id="sm-12">
         <name>___etext__</name>
         <value>0xffffffff</value>
      </symbol>
      <symbol id="sm-13">
         <name>___TI_pprof_out_hndl</name>
         <value>0xffffffff</value>
      </symbol>
      <symbol id="sm-14">
         <name>___TI_prof_data_start</name>
         <value>0xffffffff</value>
      </symbol>
      <symbol id="sm-15">
         <name>___TI_prof_data_size</name>
         <value>0xffffffff</value>
      </symbol>
      <symbol id="sm-54">
         <name>_main</name>
         <value>0x81d29</value>
         <object_component_ref idref="oc-b3"/>
      </symbol>
      <symbol id="sm-55">
         <name>_status</name>
         <value>0xa800</value>
         <object_component_ref idref="oc-12"/>
      </symbol>
      <symbol id="sm-56">
         <name>_mppt_two</name>
         <value>0xa85c</value>
         <object_component_ref idref="oc-12"/>
      </symbol>
      <symbol id="sm-57">
         <name>_buck_one_pid</name>
         <value>0xa802</value>
         <object_component_ref idref="oc-12"/>
      </symbol>
      <symbol id="sm-58">
         <name>_buck_two_pid</name>
         <value>0xa816</value>
         <object_component_ref idref="oc-12"/>
      </symbol>
      <symbol id="sm-59">
         <name>_mppt_one</name>
         <value>0xa840</value>
         <object_component_ref idref="oc-12"/>
      </symbol>
      <symbol id="sm-6e">
         <name>_Device_initGPIO</name>
         <value>0x81cd0</value>
         <object_component_ref idref="oc-af"/>
      </symbol>
      <symbol id="sm-6f">
         <name>___error__</name>
         <value>0x81ce0</value>
         <object_component_ref idref="oc-af"/>
      </symbol>
      <symbol id="sm-70">
         <name>_Device_init</name>
         <value>0x81bbc</value>
         <object_component_ref idref="oc-af"/>
      </symbol>
      <symbol id="sm-71">
         <name>_Device_enableAllPeripherals</name>
         <value>0x81c02</value>
         <object_component_ref idref="oc-af"/>
      </symbol>
      <symbol id="sm-7e">
         <name>code_start</name>
         <value>0x80000</value>
         <object_component_ref idref="oc-10"/>
      </symbol>
      <symbol id="sm-97">
         <name>_mppt_update_values</name>
         <value>0x82191</value>
         <object_component_ref idref="oc-bd"/>
      </symbol>
      <symbol id="sm-98">
         <name>_mppt_init</name>
         <value>0x82158</value>
         <object_component_ref idref="oc-bd"/>
      </symbol>
      <symbol id="sm-99">
         <name>_mppt_calculate</name>
         <value>0x821ef</value>
         <object_component_ref idref="oc-bd"/>
      </symbol>
      <symbol id="sm-a5">
         <name>_PID_calculate_integral</name>
         <value>0x82268</value>
         <object_component_ref idref="oc-bc"/>
      </symbol>
      <symbol id="sm-a6">
         <name>_PID_calculate_derivative</name>
         <value>0x82288</value>
         <object_component_ref idref="oc-bc"/>
      </symbol>
      <symbol id="sm-a7">
         <name>_PID_calculate</name>
         <value>0x822a2</value>
         <object_component_ref idref="oc-bc"/>
      </symbol>
      <symbol id="sm-a8">
         <name>_PID_calculate_error</name>
         <value>0x82258</value>
         <object_component_ref idref="oc-bc"/>
      </symbol>
      <symbol id="sm-a9">
         <name>_PID_init</name>
         <value>0x8221e</value>
         <object_component_ref idref="oc-bc"/>
      </symbol>
      <symbol id="sm-e9">
         <name>_get_buck_v</name>
         <value>0x81afa</value>
         <object_component_ref idref="oc-a8"/>
      </symbol>
      <symbol id="sm-ea">
         <name>_get_mppt_i</name>
         <value>0x81b32</value>
         <object_component_ref idref="oc-a8"/>
      </symbol>
      <symbol id="sm-eb">
         <name>_get_mppt_v</name>
         <value>0x81b16</value>
         <object_component_ref idref="oc-a8"/>
      </symbol>
      <symbol id="sm-ec">
         <name>_init_adc</name>
         <value>0x81a63</value>
         <object_component_ref idref="oc-a8"/>
      </symbol>
      <symbol id="sm-ed">
         <name>_adc_buck_one_irq</name>
         <value>0x82000</value>
         <object_component_ref idref="oc-2f"/>
      </symbol>
      <symbol id="sm-ee">
         <name>_adc_convert_to_mv</name>
         <value>0x81b58</value>
         <object_component_ref idref="oc-a8"/>
      </symbol>
      <symbol id="sm-ef">
         <name>_get_battery_v</name>
         <value>0x81b4e</value>
         <object_component_ref idref="oc-a8"/>
      </symbol>
      <symbol id="sm-f0">
         <name>_get_battery_i</name>
         <value>0x81b53</value>
         <object_component_ref idref="oc-a8"/>
      </symbol>
      <symbol id="sm-f1">
         <name>_adc_mppt_one_v_irq</name>
         <value>0x82089</value>
         <object_component_ref idref="oc-2f"/>
      </symbol>
      <symbol id="sm-f2">
         <name>_adc_battery_v_irq</name>
         <value>0x82044</value>
         <object_component_ref idref="oc-2f"/>
      </symbol>
      <symbol id="sm-f3">
         <name>_adc_mppt_one_i_irq</name>
         <value>0x820ce</value>
         <object_component_ref idref="oc-2f"/>
      </symbol>
      <symbol id="sm-f4">
         <name>_adc_convert_to_v</name>
         <value>0x81b68</value>
         <object_component_ref idref="oc-a8"/>
      </symbol>
      <symbol id="sm-17c">
         <name>_get_duty_cycle</name>
         <value>0x81917</value>
         <object_component_ref idref="oc-c1"/>
      </symbol>
      <symbol id="sm-17d">
         <name>_change_pwm_duty_cycle</name>
         <value>0x818c2</value>
         <object_component_ref idref="oc-c1"/>
      </symbol>
      <symbol id="sm-17e">
         <name>_initEPWM</name>
         <value>0x817c3</value>
         <object_component_ref idref="oc-c1"/>
      </symbol>
      <symbol id="sm-17f">
         <name>_initEPWMGPIO</name>
         <value>0x815e7</value>
         <object_component_ref idref="oc-c1"/>
      </symbol>
      <symbol id="sm-180">
         <name>_initEPWM1</name>
         <value>0x81639</value>
         <object_component_ref idref="oc-c1"/>
      </symbol>
      <symbol id="sm-181">
         <name>_initEPWM3</name>
         <value>0x81724</value>
         <object_component_ref idref="oc-c1"/>
      </symbol>
      <symbol id="sm-19a">
         <name>_init_led5</name>
         <value>0x8248b</value>
         <object_component_ref idref="oc-c0"/>
      </symbol>
      <symbol id="sm-19b">
         <name>_toggle_led</name>
         <value>0x824aa</value>
         <object_component_ref idref="oc-c0"/>
      </symbol>
      <symbol id="sm-1ce">
         <name>_cpuTimer2ISR</name>
         <value>0x8256d</value>
         <object_component_ref idref="oc-46"/>
      </symbol>
      <symbol id="sm-1cf">
         <name>_get_pid_active</name>
         <value>0x81f47</value>
         <object_component_ref idref="oc-a9"/>
      </symbol>
      <symbol id="sm-1d0">
         <name>_cpuTimer0ISR</name>
         <value>0x8251c</value>
         <object_component_ref idref="oc-46"/>
      </symbol>
      <symbol id="sm-1d1">
         <name>_init_timer</name>
         <value>0x81eea</value>
         <object_component_ref idref="oc-a9"/>
      </symbol>
      <symbol id="sm-1d2">
         <name>_set_mppt_active</name>
         <value>0x81f56</value>
         <object_component_ref idref="oc-a9"/>
      </symbol>
      <symbol id="sm-1d3">
         <name>_cpuTimer1ISR</name>
         <value>0x82559</value>
         <object_component_ref idref="oc-46"/>
      </symbol>
      <symbol id="sm-1d4">
         <name>_get_mppt_active</name>
         <value>0x81f52</value>
         <object_component_ref idref="oc-a9"/>
      </symbol>
      <symbol id="sm-1d5">
         <name>_set_pid_active</name>
         <value>0x81f4b</value>
         <object_component_ref idref="oc-a9"/>
      </symbol>
      <symbol id="sm-1f6">
         <name>_ADC_setVREF</name>
         <value>0x82581</value>
         <object_component_ref idref="oc-b0"/>
      </symbol>
      <symbol id="sm-20c">
         <name>_CPUTimer_setEmulationMode</name>
         <value>0x82aad</value>
         <object_component_ref idref="oc-b1"/>
      </symbol>
      <symbol id="sm-222">
         <name>_EPWM_setEmulationMode</name>
         <value>0x82a5b</value>
         <object_component_ref idref="oc-d9"/>
      </symbol>
      <symbol id="sm-261">
         <name>_Flash_initModule</name>
         <value>0x8000</value>
         <object_component_ref idref="oc-b9"/>
      </symbol>
      <symbol id="sm-286">
         <name>_GPIO_setPinConfig</name>
         <value>0x82795</value>
         <object_component_ref idref="oc-d8"/>
      </symbol>
      <symbol id="sm-287">
         <name>_GPIO_setDirectionMode</name>
         <value>0x82838</value>
         <object_component_ref idref="oc-d7"/>
      </symbol>
      <symbol id="sm-288">
         <name>_GPIO_setPadConfig</name>
         <value>0x82743</value>
         <object_component_ref idref="oc-d6"/>
      </symbol>
      <symbol id="sm-2ba">
         <name>_Interrupt_enable</name>
         <value>0x82805</value>
         <object_component_ref idref="oc-c2"/>
      </symbol>
      <symbol id="sm-2bb">
         <name>_Interrupt_initVectorTable</name>
         <value>0x82921</value>
         <object_component_ref idref="oc-bf"/>
      </symbol>
      <symbol id="sm-2bc">
         <name>_Interrupt_initModule</name>
         <value>0x826ef</value>
         <object_component_ref idref="oc-be"/>
      </symbol>
      <symbol id="sm-352">
         <name>_SysCtl_selectXTALSingleEnded</name>
         <value>0x829ce</value>
         <object_component_ref idref="oc-dd"/>
      </symbol>
      <symbol id="sm-353">
         <name>_SysCtl_selectXTAL</name>
         <value>0x828b7</value>
         <object_component_ref idref="oc-dc"/>
      </symbol>
      <symbol id="sm-354">
         <name>_SysCtl_delay</name>
         <value>0x8132</value>
         <object_component_ref idref="oc-71"/>
      </symbol>
      <symbol id="sm-355">
         <name>_SysCtl_selectOscSource</name>
         <value>0x82643</value>
         <object_component_ref idref="oc-c6"/>
      </symbol>
      <symbol id="sm-356">
         <name>_SysCtl_isPLLValid</name>
         <value>0x82388</value>
         <object_component_ref idref="oc-c7"/>
      </symbol>
      <symbol id="sm-357">
         <name>_SysCtl_setClock</name>
         <value>0x822d5</value>
         <object_component_ref idref="oc-b6"/>
      </symbol>
      <symbol id="sm-358">
         <name>_SysCtl_getLowSpeedClock</name>
         <value>0x829b4</value>
         <object_component_ref idref="oc-b8"/>
      </symbol>
      <symbol id="sm-359">
         <name>_SysCtl_getClock</name>
         <value>0x824ae</value>
         <object_component_ref idref="oc-b7"/>
      </symbol>
      <symbol id="sm-374">
         <name>_c_int00</name>
         <value>0x82699</value>
         <object_component_ref idref="oc-77"/>
      </symbol>
      <symbol id="sm-375">
         <name>__stack</name>
         <value>0x400</value>
         <object_component_ref idref="oc-78"/>
      </symbol>
      <symbol id="sm-386">
         <name>FS$$DIV</name>
         <value>0x81f5d</value>
         <object_component_ref idref="oc-7e"/>
      </symbol>
      <symbol id="sm-395">
         <name>_copy_in</name>
         <value>0x828db</value>
         <object_component_ref idref="oc-ab"/>
      </symbol>
      <symbol id="sm-3a6">
         <name>_memcpy</name>
         <value>0x8297d</value>
         <object_component_ref idref="oc-b2"/>
      </symbol>
      <symbol id="sm-3b2">
         <name>__system_pre_init</name>
         <value>0x82b37</value>
         <object_component_ref idref="oc-aa"/>
      </symbol>
      <symbol id="sm-3bf">
         <name>__system_post_cinit</name>
         <value>0x81fff</value>
         <object_component_ref idref="oc-ac"/>
      </symbol>
      <symbol id="sm-3d3">
         <name>C$$EXIT</name>
         <value>0x82869</value>
         <object_component_ref idref="oc-ae"/>
      </symbol>
      <symbol id="sm-3d4">
         <name>_exit</name>
         <value>0x8286b</value>
         <object_component_ref idref="oc-ae"/>
      </symbol>
      <symbol id="sm-3d5">
         <name>___TI_cleanup_ptr</name>
         <value>0xa89e</value>
         <object_component_ref idref="oc-99"/>
      </symbol>
      <symbol id="sm-3d6">
         <name>___TI_enable_exit_profile_output</name>
         <value>0xa89c</value>
         <object_component_ref idref="oc-99"/>
      </symbol>
      <symbol id="sm-3d7">
         <name>_abort</name>
         <value>0x82869</value>
         <object_component_ref idref="oc-ae"/>
      </symbol>
      <symbol id="sm-3d8">
         <name>___TI_dtors_ptr</name>
         <value>0xa8a0</value>
         <object_component_ref idref="oc-99"/>
      </symbol>
      <symbol id="sm-3ec">
         <name>__unlock</name>
         <value>0xa8a4</value>
         <object_component_ref idref="oc-db"/>
      </symbol>
      <symbol id="sm-3ed">
         <name>__lock</name>
         <value>0xa8a2</value>
         <object_component_ref idref="oc-b4"/>
      </symbol>
      <symbol id="sm-3ee">
         <name>__register_lock</name>
         <value>0x82b27</value>
         <object_component_ref idref="oc-c3"/>
      </symbol>
      <symbol id="sm-3ef">
         <name>__nop</name>
         <value>0x82b2b</value>
         <object_component_ref idref="oc-c3"/>
      </symbol>
      <symbol id="sm-3f0">
         <name>__register_unlock</name>
         <value>0x82b23</value>
         <object_component_ref idref="oc-c3"/>
      </symbol>
      <symbol id="sm-3ff">
         <name>__args_main</name>
         <value>0x829e8</value>
         <object_component_ref idref="oc-ad"/>
      </symbol>
   </symbol_table>
   <title>Link successful</title>
</link_info>
