<?xml version="1.0" encoding="ISO-8859-1" ?>
<link_info>
   <banner>TMS320C2000 Linker Unix v18.12.2.LTS</banner>
   <copyright>Copyright (c) 1996-2018 Texas Instruments Incorporated</copyright>
   <link_time>0x5f45f5f3</link_time>
   <link_errors>0x0</link_errors>
   <output_file>ifec.out</output_file>
   <entry_point>
      <name>code_start</name>
      <address>0x80000</address>
   </entry_point>
   <input_file_list>
      <input_file id="fl-1">
         <path>./</path>
         <kind>object</kind>
         <file>main.obj</file>
         <name>main.obj</name>
      </input_file>
      <input_file id="fl-2">
         <path>./device/</path>
         <kind>object</kind>
         <file>device.obj</file>
         <name>device.obj</name>
      </input_file>
      <input_file id="fl-3">
         <path>./device/</path>
         <kind>object</kind>
         <file>f28004x_codestartbranch.obj</file>
         <name>f28004x_codestartbranch.obj</name>
      </input_file>
      <input_file id="fl-4">
         <path>./src/</path>
         <kind>object</kind>
         <file>battery.obj</file>
         <name>battery.obj</name>
      </input_file>
      <input_file id="fl-5">
         <path>./src/</path>
         <kind>object</kind>
         <file>mppt.obj</file>
         <name>mppt.obj</name>
      </input_file>
      <input_file id="fl-6">
         <path>./src/</path>
         <kind>object</kind>
         <file>pid.obj</file>
         <name>pid.obj</name>
      </input_file>
      <input_file id="fl-7">
         <path>./src/</path>
         <kind>object</kind>
         <file>src_adc.obj</file>
         <name>src_adc.obj</name>
      </input_file>
      <input_file id="fl-8">
         <path>./src/</path>
         <kind>object</kind>
         <file>src_epwm.obj</file>
         <name>src_epwm.obj</name>
      </input_file>
      <input_file id="fl-9">
         <path>./src/</path>
         <kind>object</kind>
         <file>src_gpio.obj</file>
         <name>src_gpio.obj</name>
      </input_file>
      <input_file id="fl-a">
         <path>./src/</path>
         <kind>object</kind>
         <file>src_timers.obj</file>
         <name>src_timers.obj</name>
      </input_file>
      <input_file id="fl-f">
         <kind>object</kind>
         <file>&lt;internal&gt;</file>
         <name>&lt;internal&gt;</name>
      </input_file>
      <input_file id="fl-10">
         <path>../</path>
         <kind>archive</kind>
         <file>driverlib.lib</file>
         <name>adc.obj</name>
      </input_file>
      <input_file id="fl-11">
         <path>../</path>
         <kind>archive</kind>
         <file>driverlib.lib</file>
         <name>cputimer.obj</name>
      </input_file>
      <input_file id="fl-12">
         <path>../</path>
         <kind>archive</kind>
         <file>driverlib.lib</file>
         <name>epwm.obj</name>
      </input_file>
      <input_file id="fl-13">
         <path>../</path>
         <kind>archive</kind>
         <file>driverlib.lib</file>
         <name>flash.obj</name>
      </input_file>
      <input_file id="fl-14">
         <path>../</path>
         <kind>archive</kind>
         <file>driverlib.lib</file>
         <name>gpio.obj</name>
      </input_file>
      <input_file id="fl-15">
         <path>../</path>
         <kind>archive</kind>
         <file>driverlib.lib</file>
         <name>interrupt.obj</name>
      </input_file>
      <input_file id="fl-16">
         <path>../</path>
         <kind>archive</kind>
         <file>driverlib.lib</file>
         <name>sysctl.obj</name>
      </input_file>
      <input_file id="fl-22">
         <path>/home/jack/ti/ccs910/ccs/tools/compiler/ti-cgt-c2000_18.12.2.LTS/lib/</path>
         <kind>archive</kind>
         <file>rts2800_fpu32.lib</file>
         <name>boot28.asm.obj</name>
      </input_file>
      <input_file id="fl-23">
         <path>/home/jack/ti/ccs910/ccs/tools/compiler/ti-cgt-c2000_18.12.2.LTS/lib/</path>
         <kind>archive</kind>
         <file>rts2800_fpu32.lib</file>
         <name>fs_div28.asm.obj</name>
      </input_file>
      <input_file id="fl-24">
         <path>/home/jack/ti/ccs910/ccs/tools/compiler/ti-cgt-c2000_18.12.2.LTS/lib/</path>
         <kind>archive</kind>
         <file>rts2800_fpu32.lib</file>
         <name>cpy_tbl.c.obj</name>
      </input_file>
      <input_file id="fl-25">
         <path>/home/jack/ti/ccs910/ccs/tools/compiler/ti-cgt-c2000_18.12.2.LTS/lib/</path>
         <kind>archive</kind>
         <file>rts2800_fpu32.lib</file>
         <name>memcpy.c.obj</name>
      </input_file>
      <input_file id="fl-26">
         <path>/home/jack/ti/ccs910/ccs/tools/compiler/ti-cgt-c2000_18.12.2.LTS/lib/</path>
         <kind>archive</kind>
         <file>rts2800_fpu32.lib</file>
         <name>pre_init.c.obj</name>
      </input_file>
      <input_file id="fl-27">
         <path>/home/jack/ti/ccs910/ccs/tools/compiler/ti-cgt-c2000_18.12.2.LTS/lib/</path>
         <kind>archive</kind>
         <file>rts2800_fpu32.lib</file>
         <name>startup.c.obj</name>
      </input_file>
      <input_file id="fl-28">
         <path>/home/jack/ti/ccs910/ccs/tools/compiler/ti-cgt-c2000_18.12.2.LTS/lib/</path>
         <kind>archive</kind>
         <file>rts2800_fpu32.lib</file>
         <name>exit.c.obj</name>
      </input_file>
      <input_file id="fl-29">
         <path>/home/jack/ti/ccs910/ccs/tools/compiler/ti-cgt-c2000_18.12.2.LTS/lib/</path>
         <kind>archive</kind>
         <file>rts2800_fpu32.lib</file>
         <name>_lock.c.obj</name>
      </input_file>
      <input_file id="fl-2a">
         <path>/home/jack/ti/ccs910/ccs/tools/compiler/ti-cgt-c2000_18.12.2.LTS/lib/</path>
         <kind>archive</kind>
         <file>rts2800_fpu32.lib</file>
         <name>args_main.c.obj</name>
      </input_file>
   </input_file_list>
   <object_component_list>
      <object_component id="oc-10">
         <name>codestart</name>
         <load_address>0x80000</load_address>
         <run_address>0x80000</run_address>
         <size>0x2</size>
         <input_file_ref idref="fl-3"/>
      </object_component>
      <object_component id="oc-c5">
         <name>.text</name>
         <load_address>0x8121c</load_address>
         <run_address>0x8121c</run_address>
         <size>0x839</size>
         <input_file_ref idref="fl-8"/>
      </object_component>
      <object_component id="oc-c4">
         <name>.text</name>
         <load_address>0x81a55</load_address>
         <run_address>0x81a55</run_address>
         <size>0x2ab</size>
         <input_file_ref idref="fl-7"/>
      </object_component>
      <object_component id="oc-b6">
         <name>.text</name>
         <load_address>0x81d00</load_address>
         <run_address>0x81d00</run_address>
         <size>0x1c4</size>
         <input_file_ref idref="fl-1"/>
      </object_component>
      <object_component id="oc-ad">
         <name>.text</name>
         <load_address>0x81ec4</load_address>
         <run_address>0x81ec4</run_address>
         <size>0x106</size>
         <input_file_ref idref="fl-a"/>
      </object_component>
      <object_component id="oc-ef">
         <name>.text:_EPWM_isBaseValid</name>
         <load_address>0x81fca</load_address>
         <run_address>0x81fca</run_address>
         <size>0x33</size>
         <input_file_ref idref="fl-12"/>
      </object_component>
      <object_component id="oc-d9">
         <name>.text:_Interrupt_illegalOperationHandler</name>
         <load_address>0x81ffd</load_address>
         <run_address>0x81ffd</run_address>
         <size>0x2</size>
         <input_file_ref idref="fl-15"/>
      </object_component>
      <object_component id="oc-b0">
         <name>.text</name>
         <load_address>0x81fff</load_address>
         <run_address>0x81fff</run_address>
         <size>0x1</size>
         <input_file_ref idref="fl-27"/>
      </object_component>
      <object_component id="oc-b3">
         <name>.text</name>
         <load_address>0x82000</load_address>
         <run_address>0x82000</run_address>
         <size>0x16d</size>
         <input_file_ref idref="fl-2"/>
      </object_component>
      <object_component id="oc-bf">
         <name>.text</name>
         <load_address>0x8216d</load_address>
         <run_address>0x8216d</run_address>
         <size>0xfd</size>
         <input_file_ref idref="fl-5"/>
      </object_component>
      <object_component id="oc-be">
         <name>.text</name>
         <load_address>0x8226a</load_address>
         <run_address>0x8226a</run_address>
         <size>0xb4</size>
         <input_file_ref idref="fl-6"/>
      </object_component>
      <object_component id="oc-b9">
         <name>.text:_SysCtl_setClock</name>
         <load_address>0x8231e</load_address>
         <run_address>0x8231e</run_address>
         <size>0xb3</size>
         <input_file_ref idref="fl-16"/>
      </object_component>
      <object_component id="oc-cb">
         <name>.text:_SysCtl_isPLLValid</name>
         <load_address>0x823d1</load_address>
         <run_address>0x823d1</run_address>
         <size>0xa7</size>
         <input_file_ref idref="fl-16"/>
      </object_component>
      <object_component id="oc-c0">
         <name>.text</name>
         <load_address>0x82478</load_address>
         <run_address>0x82478</run_address>
         <size>0x96</size>
         <input_file_ref idref="fl-4"/>
      </object_component>
      <object_component id="oc-83">
         <name>.text</name>
         <load_address>0x8250e</load_address>
         <run_address>0x8250e</run_address>
         <size>0x88</size>
         <input_file_ref idref="fl-23"/>
      </object_component>
      <object_component id="oc-c3">
         <name>.text</name>
         <load_address>0x82596</load_address>
         <run_address>0x82596</run_address>
         <size>0x7f</size>
         <input_file_ref idref="fl-9"/>
      </object_component>
      <object_component id="oc-ba">
         <name>.text:_SysCtl_getClock</name>
         <load_address>0x82615</load_address>
         <run_address>0x82615</run_address>
         <size>0x6e</size>
         <input_file_ref idref="fl-16"/>
      </object_component>
      <object_component id="oc-dc">
         <name>.text:_ADC_setVREF</name>
         <load_address>0x82683</load_address>
         <run_address>0x82683</run_address>
         <size>0x64</size>
         <input_file_ref idref="fl-10"/>
      </object_component>
      <object_component id="oc-e9">
         <name>.text:_DCC_setCounterSeeds</name>
         <load_address>0x826e7</load_address>
         <run_address>0x826e7</run_address>
         <size>0x5e</size>
         <input_file_ref idref="fl-16"/>
      </object_component>
      <object_component id="oc-4b">
         <name>.text:retain</name>
         <load_address>0x82745</load_address>
         <run_address>0x82745</run_address>
         <size>0x5a</size>
         <input_file_ref idref="fl-a"/>
      </object_component>
      <object_component id="oc-ca">
         <name>.text:_SysCtl_selectOscSource</name>
         <load_address>0x8279f</load_address>
         <run_address>0x8279f</run_address>
         <size>0x56</size>
         <input_file_ref idref="fl-16"/>
      </object_component>
      <object_component id="oc-7c">
         <name>.text</name>
         <load_address>0x827f5</load_address>
         <run_address>0x827f5</run_address>
         <size>0x56</size>
         <input_file_ref idref="fl-22"/>
      </object_component>
      <object_component id="oc-c1">
         <name>.text:_Interrupt_initModule</name>
         <load_address>0x8284b</load_address>
         <run_address>0x8284b</run_address>
         <size>0x54</size>
         <input_file_ref idref="fl-15"/>
      </object_component>
      <object_component id="oc-da">
         <name>.text:_GPIO_setPadConfig</name>
         <load_address>0x8289f</load_address>
         <run_address>0x8289f</run_address>
         <size>0x52</size>
         <input_file_ref idref="fl-14"/>
      </object_component>
      <object_component id="oc-dd">
         <name>.text:_GPIO_setPinConfig</name>
         <load_address>0x828f1</load_address>
         <run_address>0x828f1</run_address>
         <size>0x3d</size>
         <input_file_ref idref="fl-14"/>
      </object_component>
      <object_component id="oc-c6">
         <name>.text:_Interrupt_enable</name>
         <load_address>0x8292e</load_address>
         <run_address>0x8292e</run_address>
         <size>0x33</size>
         <input_file_ref idref="fl-15"/>
      </object_component>
      <object_component id="oc-db">
         <name>.text:_GPIO_setDirectionMode</name>
         <load_address>0x82961</load_address>
         <run_address>0x82961</run_address>
         <size>0x31</size>
         <input_file_ref idref="fl-14"/>
      </object_component>
      <object_component id="oc-b2">
         <name>.text</name>
         <load_address>0x82992</load_address>
         <run_address>0x82992</run_address>
         <size>0x29</size>
         <input_file_ref idref="fl-28"/>
      </object_component>
      <object_component id="oc-ea">
         <name>.text:_DCC_enableSingleShotMode</name>
         <load_address>0x829bb</load_address>
         <run_address>0x829bb</run_address>
         <size>0x25</size>
         <input_file_ref idref="fl-16"/>
      </object_component>
      <object_component id="oc-e1">
         <name>.text:_SysCtl_selectXTAL</name>
         <load_address>0x829e0</load_address>
         <run_address>0x829e0</run_address>
         <size>0x24</size>
         <input_file_ref idref="fl-16"/>
      </object_component>
      <object_component id="oc-af">
         <name>.text</name>
         <load_address>0x82a04</load_address>
         <run_address>0x82a04</run_address>
         <size>0x24</size>
         <input_file_ref idref="fl-24"/>
      </object_component>
      <object_component id="oc-f0">
         <name>.text:_SysCtl_pollX1Counter</name>
         <load_address>0x82a28</load_address>
         <run_address>0x82a28</run_address>
         <size>0x22</size>
         <input_file_ref idref="fl-16"/>
      </object_component>
      <object_component id="oc-c2">
         <name>.text:_Interrupt_initVectorTable</name>
         <load_address>0x82a4a</load_address>
         <run_address>0x82a4a</run_address>
         <size>0x20</size>
         <input_file_ref idref="fl-15"/>
      </object_component>
      <object_component id="oc-e8">
         <name>.text:_DCC_setCounter1ClkSource</name>
         <load_address>0x82a6a</load_address>
         <run_address>0x82a6a</run_address>
         <size>0x1f</size>
         <input_file_ref idref="fl-16"/>
      </object_component>
      <object_component id="oc-e7">
         <name>.text:_DCC_setCounter0ClkSource</name>
         <load_address>0x82a89</load_address>
         <run_address>0x82a89</run_address>
         <size>0x1d</size>
         <input_file_ref idref="fl-16"/>
      </object_component>
      <object_component id="oc-b5">
         <name>.text</name>
         <load_address>0x82aa6</load_address>
         <run_address>0x82aa6</run_address>
         <size>0x1d</size>
         <input_file_ref idref="fl-25"/>
      </object_component>
      <object_component id="oc-ee">
         <name>.text:_ADC_isBaseValid</name>
         <load_address>0x82ac3</load_address>
         <run_address>0x82ac3</run_address>
         <size>0x1a</size>
         <input_file_ref idref="fl-10"/>
      </object_component>
      <object_component id="oc-bd">
         <name>.text:_CPUTimer_isBaseValid</name>
         <load_address>0x82add</load_address>
         <run_address>0x82add</run_address>
         <size>0x1a</size>
         <input_file_ref idref="fl-11"/>
      </object_component>
      <object_component id="oc-bb">
         <name>.text:_SysCtl_getLowSpeedClock</name>
         <load_address>0x82af7</load_address>
         <run_address>0x82af7</run_address>
         <size>0x1a</size>
         <input_file_ref idref="fl-16"/>
      </object_component>
      <object_component id="oc-e2">
         <name>.text:_SysCtl_selectXTALSingleEnded</name>
         <load_address>0x82b11</load_address>
         <run_address>0x82b11</run_address>
         <size>0x1a</size>
         <input_file_ref idref="fl-16"/>
      </object_component>
      <object_component id="oc-b1">
         <name>.text</name>
         <load_address>0x82b2b</load_address>
         <run_address>0x82b2b</run_address>
         <size>0x19</size>
         <input_file_ref idref="fl-2a"/>
      </object_component>
      <object_component id="oc-e6">
         <name>.text:_DCC_enableDoneSignal</name>
         <load_address>0x82b44</load_address>
         <run_address>0x82b44</run_address>
         <size>0x17</size>
         <input_file_ref idref="fl-16"/>
      </object_component>
      <object_component id="oc-e3">
         <name>.text:_SysCtl_enablePeripheral</name>
         <load_address>0x82b5b</load_address>
         <run_address>0x82b5b</run_address>
         <size>0x17</size>
         <input_file_ref idref="fl-16"/>
      </object_component>
      <object_component id="oc-e5">
         <name>.text:_DCC_disableErrorSignal</name>
         <load_address>0x82b72</load_address>
         <run_address>0x82b72</run_address>
         <size>0x16</size>
         <input_file_ref idref="fl-16"/>
      </object_component>
      <object_component id="oc-eb">
         <name>.text:_DCC_enableErrorSignal</name>
         <load_address>0x82b88</load_address>
         <run_address>0x82b88</run_address>
         <size>0x16</size>
         <input_file_ref idref="fl-16"/>
      </object_component>
      <object_component id="oc-de">
         <name>.text:_EPWM_setEmulationMode</name>
         <load_address>0x82b9e</load_address>
         <run_address>0x82b9e</run_address>
         <size>0x16</size>
         <input_file_ref idref="fl-12"/>
      </object_component>
      <object_component id="oc-e4">
         <name>.text:_DCC_disableModule</name>
         <load_address>0x82bb4</load_address>
         <run_address>0x82bb4</run_address>
         <size>0x14</size>
         <input_file_ref idref="fl-16"/>
      </object_component>
      <object_component id="oc-ec">
         <name>.text:_DCC_enableModule</name>
         <load_address>0x82bc8</load_address>
         <run_address>0x82bc8</run_address>
         <size>0x14</size>
         <input_file_ref idref="fl-16"/>
      </object_component>
      <object_component id="oc-ed">
         <name>.text:_GPIO_isPinValid</name>
         <load_address>0x82bdc</load_address>
         <run_address>0x82bdc</run_address>
         <size>0x14</size>
         <input_file_ref idref="fl-14"/>
      </object_component>
      <object_component id="oc-b4">
         <name>.text:_CPUTimer_setEmulationMode</name>
         <load_address>0x82bf0</load_address>
         <run_address>0x82bf0</run_address>
         <size>0x13</size>
         <input_file_ref idref="fl-11"/>
      </object_component>
      <object_component id="oc-f2">
         <name>.text:_DCC_isBaseValid</name>
         <load_address>0x82c03</load_address>
         <run_address>0x82c03</run_address>
         <size>0x10</size>
         <input_file_ref idref="fl-16"/>
      </object_component>
      <object_component id="oc-cc">
         <name>.text:_Flash_isCtrlBaseValid</name>
         <load_address>0x82c13</load_address>
         <run_address>0x82c13</run_address>
         <size>0x10</size>
         <input_file_ref idref="fl-13"/>
      </object_component>
      <object_component id="oc-cd">
         <name>.text:_Flash_isECCBaseValid</name>
         <load_address>0x82c23</load_address>
         <run_address>0x82c23</run_address>
         <size>0x10</size>
         <input_file_ref idref="fl-13"/>
      </object_component>
      <object_component id="oc-d7">
         <name>.text:_Interrupt_defaultHandler</name>
         <load_address>0x82c33</load_address>
         <run_address>0x82c33</run_address>
         <size>0xe</size>
         <input_file_ref idref="fl-15"/>
      </object_component>
      <object_component id="oc-d6">
         <name>.text:_Interrupt_disableMaster</name>
         <load_address>0x82c41</load_address>
         <run_address>0x82c41</run_address>
         <size>0xd</size>
         <input_file_ref idref="fl-15"/>
      </object_component>
      <object_component id="oc-df">
         <name>.text:_Interrupt_enableMaster</name>
         <load_address>0x82c4e</load_address>
         <run_address>0x82c4e</run_address>
         <size>0xd</size>
         <input_file_ref idref="fl-15"/>
      </object_component>
      <object_component id="oc-c9">
         <name>.text:_SysCtl_isMCDClockFailureDetected</name>
         <load_address>0x82c5b</load_address>
         <run_address>0x82c5b</run_address>
         <size>0xb</size>
         <input_file_ref idref="fl-16"/>
      </object_component>
      <object_component id="oc-c7">
         <name>.text</name>
         <load_address>0x82c66</load_address>
         <run_address>0x82c66</run_address>
         <size>0x9</size>
         <input_file_ref idref="fl-29"/>
      </object_component>
      <object_component id="oc-f1">
         <name>.text:_SysCtl_resetMCD</name>
         <load_address>0x82c6f</load_address>
         <run_address>0x82c6f</run_address>
         <size>0x7</size>
         <input_file_ref idref="fl-16"/>
      </object_component>
      <object_component id="oc-d8">
         <name>.text:_Interrupt_nmiHandler</name>
         <load_address>0x82c76</load_address>
         <run_address>0x82c76</run_address>
         <size>0x2</size>
         <input_file_ref idref="fl-15"/>
      </object_component>
      <object_component id="oc-ae">
         <name>.text</name>
         <load_address>0x82c78</load_address>
         <run_address>0x82c78</run_address>
         <size>0x2</size>
         <input_file_ref idref="fl-26"/>
      </object_component>
      <object_component id="oc-34">
         <name>.cinit</name>
         <load_address>0x81138</load_address>
         <run_address>0x81138</run_address>
         <size>0xb8</size>
         <input_file_ref idref="fl-7"/>
      </object_component>
      <object_component id="oc-9d">
         <name>.cinit</name>
         <load_address>0x811f0</load_address>
         <run_address>0x811f0</run_address>
         <size>0xe</size>
         <input_file_ref idref="fl-28"/>
      </object_component>
      <object_component id="oc-12">
         <name>.cinit</name>
         <load_address>0x811fe</load_address>
         <run_address>0x811fe</run_address>
         <size>0x9</size>
         <input_file_ref idref="fl-1"/>
      </object_component>
      <object_component id="oc-49">
         <name>.cinit</name>
         <load_address>0x81207</load_address>
         <run_address>0x81207</run_address>
         <size>0x8</size>
         <input_file_ref idref="fl-a"/>
      </object_component>
      <object_component id="oc-b8">
         <name>.cinit:__lock</name>
         <load_address>0x8120f</load_address>
         <run_address>0x8120f</run_address>
         <size>0x5</size>
         <input_file_ref idref="fl-29"/>
      </object_component>
      <object_component id="oc-c8">
         <name>.cinit:__unlock</name>
         <load_address>0x81214</load_address>
         <run_address>0x81214</run_address>
         <size>0x5</size>
         <input_file_ref idref="fl-29"/>
      </object_component>
      <object_component id="oc-7e">
         <name>.reset</name>
         <load_address>0x3fffc0</load_address>
         <run_address>0x3fffc0</run_address>
         <size>0x2</size>
         <input_file_ref idref="fl-22"/>
      </object_component>
      <object_component id="oc-7d">
         <name>.stack</name>
         <uninitialized>true</uninitialized>
         <run_address>0x400</run_address>
         <size>0x0</size>
         <input_file_ref idref="fl-22"/>
      </object_component>
      <object_component id="oc-10c">
         <name>.stack</name>
         <uninitialized>true</uninitialized>
         <run_address>0x400</run_address>
         <size>0x0</size>
      </object_component>
      <object_component id="oc-13">
         <name>.ebss</name>
         <uninitialized>true</uninitialized>
         <run_address>0xa8c0</run_address>
         <size>0x78</size>
         <input_file_ref idref="fl-1"/>
      </object_component>
      <object_component id="oc-35">
         <name>.ebss</name>
         <uninitialized>true</uninitialized>
         <run_address>0xa800</run_address>
         <size>0xa8</size>
         <input_file_ref idref="fl-7"/>
      </object_component>
      <object_component id="oc-3c">
         <name>.ebss</name>
         <uninitialized>true</uninitialized>
         <run_address>0xa8a8</run_address>
         <size>0x10</size>
         <input_file_ref idref="fl-8"/>
      </object_component>
      <object_component id="oc-4a">
         <name>.ebss</name>
         <uninitialized>true</uninitialized>
         <run_address>0xa93a</run_address>
         <size>0x2</size>
         <input_file_ref idref="fl-a"/>
      </object_component>
      <object_component id="oc-9e">
         <name>.ebss</name>
         <uninitialized>true</uninitialized>
         <run_address>0xa8b8</run_address>
         <size>0x6</size>
         <input_file_ref idref="fl-28"/>
      </object_component>
      <object_component id="oc-b7">
         <name>.ebss:__lock</name>
         <uninitialized>true</uninitialized>
         <run_address>0xa8be</run_address>
         <size>0x2</size>
         <input_file_ref idref="fl-29"/>
      </object_component>
      <object_component id="oc-e0">
         <name>.ebss:__unlock</name>
         <uninitialized>true</uninitialized>
         <run_address>0xa938</run_address>
         <size>0x2</size>
         <input_file_ref idref="fl-29"/>
      </object_component>
      <object_component id="oc-64">
         <name>.econst:.string</name>
         <load_address>0x84000</load_address>
         <run_address>0x84000</run_address>
         <size>0xaf</size>
         <input_file_ref idref="fl-13"/>
      </object_component>
      <object_component id="oc-77">
         <name>.econst:.string</name>
         <load_address>0x840b0</load_address>
         <run_address>0x840b0</run_address>
         <size>0xae</size>
         <input_file_ref idref="fl-16"/>
      </object_component>
      <object_component id="oc-6a">
         <name>.econst:.string</name>
         <load_address>0x8415e</load_address>
         <run_address>0x8415e</run_address>
         <size>0xac</size>
         <input_file_ref idref="fl-14"/>
      </object_component>
      <object_component id="oc-3d">
         <name>.econst:.string</name>
         <load_address>0x8420a</load_address>
         <run_address>0x8420a</run_address>
         <size>0xa0</size>
         <input_file_ref idref="fl-8"/>
      </object_component>
      <object_component id="oc-70">
         <name>.econst:.string</name>
         <load_address>0x842aa</load_address>
         <run_address>0x842aa</run_address>
         <size>0x5b</size>
         <input_file_ref idref="fl-15"/>
      </object_component>
      <object_component id="oc-58">
         <name>.econst:.string</name>
         <load_address>0x84306</load_address>
         <run_address>0x84306</run_address>
         <size>0x5a</size>
         <input_file_ref idref="fl-11"/>
      </object_component>
      <object_component id="oc-5e">
         <name>.econst:.string</name>
         <load_address>0x84360</load_address>
         <run_address>0x84360</run_address>
         <size>0x56</size>
         <input_file_ref idref="fl-12"/>
      </object_component>
      <object_component id="oc-52">
         <name>.econst:.string</name>
         <load_address>0x843b6</load_address>
         <run_address>0x843b6</run_address>
         <size>0x55</size>
         <input_file_ref idref="fl-10"/>
      </object_component>
      <object_component id="oc-14">
         <name>.econst:.string</name>
         <load_address>0x8440c</load_address>
         <run_address>0x8440c</run_address>
         <size>0x53</size>
         <input_file_ref idref="fl-1"/>
      </object_component>
      <object_component id="oc-4c">
         <name>.econst:.string</name>
         <load_address>0x84460</load_address>
         <run_address>0x84460</run_address>
         <size>0x53</size>
         <input_file_ref idref="fl-a"/>
      </object_component>
      <object_component id="oc-29">
         <name>.econst:.string</name>
         <load_address>0x844b4</load_address>
         <run_address>0x844b4</run_address>
         <size>0x4f</size>
         <input_file_ref idref="fl-5"/>
      </object_component>
      <object_component id="oc-43">
         <name>.econst:.string</name>
         <load_address>0x84504</load_address>
         <run_address>0x84504</run_address>
         <size>0x4f</size>
         <input_file_ref idref="fl-9"/>
      </object_component>
      <object_component id="oc-36">
         <name>.econst:.string</name>
         <load_address>0x84554</load_address>
         <run_address>0x84554</run_address>
         <size>0x4e</size>
         <input_file_ref idref="fl-7"/>
      </object_component>
      <object_component id="oc-1a">
         <name>.econst:.string</name>
         <load_address>0x845a2</load_address>
         <run_address>0x845a2</run_address>
         <size>0x13</size>
         <input_file_ref idref="fl-2"/>
      </object_component>
      <object_component id="oc-bc">
         <name>.TI.ramfunc:_Flash_initModule</name>
         <load_address>0x81000</load_address>
         <run_address>0x8000</run_address>
         <size>0x44</size>
         <input_file_ref idref="fl-13"/>
      </object_component>
      <object_component id="oc-ce">
         <name>.TI.ramfunc:_Flash_setBankPowerMode</name>
         <load_address>0x81044</load_address>
         <run_address>0x8044</run_address>
         <size>0x32</size>
         <input_file_ref idref="fl-13"/>
      </object_component>
      <object_component id="oc-d2">
         <name>.TI.ramfunc:_Flash_setWaitstates</name>
         <load_address>0x81076</load_address>
         <run_address>0x8076</run_address>
         <size>0x26</size>
         <input_file_ref idref="fl-13"/>
      </object_component>
      <object_component id="oc-cf">
         <name>.TI.ramfunc:_Flash_setPumpPowerMode</name>
         <load_address>0x8109c</load_address>
         <run_address>0x809c</run_address>
         <size>0x1f</size>
         <input_file_ref idref="fl-13"/>
      </object_component>
      <object_component id="oc-d0">
         <name>.TI.ramfunc:_Flash_disableCache</name>
         <load_address>0x810bb</load_address>
         <run_address>0x80bb</run_address>
         <size>0x18</size>
         <input_file_ref idref="fl-13"/>
      </object_component>
      <object_component id="oc-d1">
         <name>.TI.ramfunc:_Flash_disablePrefetch</name>
         <load_address>0x810d3</load_address>
         <run_address>0x80d3</run_address>
         <size>0x18</size>
         <input_file_ref idref="fl-13"/>
      </object_component>
      <object_component id="oc-d3">
         <name>.TI.ramfunc:_Flash_enableCache</name>
         <load_address>0x810eb</load_address>
         <run_address>0x80eb</run_address>
         <size>0x18</size>
         <input_file_ref idref="fl-13"/>
      </object_component>
      <object_component id="oc-d4">
         <name>.TI.ramfunc:_Flash_enablePrefetch</name>
         <load_address>0x81103</load_address>
         <run_address>0x8103</run_address>
         <size>0x18</size>
         <input_file_ref idref="fl-13"/>
      </object_component>
      <object_component id="oc-d5">
         <name>.TI.ramfunc:_Flash_enableECC</name>
         <load_address>0x8111b</load_address>
         <run_address>0x811b</run_address>
         <size>0x17</size>
         <input_file_ref idref="fl-13"/>
      </object_component>
      <object_component id="oc-76">
         <name>.TI.ramfunc</name>
         <load_address>0x81132</load_address>
         <run_address>0x8132</run_address>
         <size>0x4</size>
         <input_file_ref idref="fl-16"/>
      </object_component>
      <object_component id="oc-11">
         <name>.debug_info</name>
         <load_address>0x0</load_address>
         <run_address>0x0</run_address>
         <size>0x17e3</size>
         <input_file_ref idref="fl-1"/>
      </object_component>
      <object_component id="oc-19">
         <name>.debug_info</name>
         <load_address>0x17e3</load_address>
         <run_address>0x17e3</run_address>
         <size>0x1abb</size>
         <input_file_ref idref="fl-2"/>
      </object_component>
      <object_component id="oc-20">
         <name>.debug_info</name>
         <load_address>0x329e</load_address>
         <run_address>0x329e</run_address>
         <size>0xf7</size>
         <input_file_ref idref="fl-3"/>
      </object_component>
      <object_component id="oc-23">
         <name>.debug_info</name>
         <load_address>0x3395</load_address>
         <run_address>0x3395</run_address>
         <size>0x869</size>
         <input_file_ref idref="fl-4"/>
      </object_component>
      <object_component id="oc-28">
         <name>.debug_info</name>
         <load_address>0x3bfe</load_address>
         <run_address>0x3bfe</run_address>
         <size>0xa46</size>
         <input_file_ref idref="fl-5"/>
      </object_component>
      <object_component id="oc-2e">
         <name>.debug_info</name>
         <load_address>0x4644</load_address>
         <run_address>0x4644</run_address>
         <size>0x88a</size>
         <input_file_ref idref="fl-6"/>
      </object_component>
      <object_component id="oc-33">
         <name>.debug_info</name>
         <load_address>0x4ece</load_address>
         <run_address>0x4ece</run_address>
         <size>0x2332</size>
         <input_file_ref idref="fl-7"/>
      </object_component>
      <object_component id="oc-3b">
         <name>.debug_info</name>
         <load_address>0x7200</load_address>
         <run_address>0x7200</run_address>
         <size>0x5fd2</size>
         <input_file_ref idref="fl-8"/>
      </object_component>
      <object_component id="oc-42">
         <name>.debug_info</name>
         <load_address>0xd1d2</load_address>
         <run_address>0xd1d2</run_address>
         <size>0x93f</size>
         <input_file_ref idref="fl-9"/>
      </object_component>
      <object_component id="oc-48">
         <name>.debug_info</name>
         <load_address>0xdb11</load_address>
         <run_address>0xdb11</run_address>
         <size>0x1b59</size>
         <input_file_ref idref="fl-a"/>
      </object_component>
      <object_component id="oc-51">
         <name>.debug_info</name>
         <load_address>0xf66a</load_address>
         <run_address>0xf66a</run_address>
         <size>0x869</size>
         <input_file_ref idref="fl-10"/>
      </object_component>
      <object_component id="oc-57">
         <name>.debug_info</name>
         <load_address>0xfed3</load_address>
         <run_address>0xfed3</run_address>
         <size>0x75c</size>
         <input_file_ref idref="fl-11"/>
      </object_component>
      <object_component id="oc-5d">
         <name>.debug_info</name>
         <load_address>0x1062f</load_address>
         <run_address>0x1062f</run_address>
         <size>0x744</size>
         <input_file_ref idref="fl-12"/>
      </object_component>
      <object_component id="oc-63">
         <name>.debug_info</name>
         <load_address>0x10d73</load_address>
         <run_address>0x10d73</run_address>
         <size>0x15f7</size>
         <input_file_ref idref="fl-13"/>
      </object_component>
      <object_component id="oc-69">
         <name>.debug_info</name>
         <load_address>0x1236a</load_address>
         <run_address>0x1236a</run_address>
         <size>0xcc0</size>
         <input_file_ref idref="fl-14"/>
      </object_component>
      <object_component id="oc-6f">
         <name>.debug_info</name>
         <load_address>0x1302a</load_address>
         <run_address>0x1302a</run_address>
         <size>0xdfc</size>
         <input_file_ref idref="fl-15"/>
      </object_component>
      <object_component id="oc-75">
         <name>.debug_info</name>
         <load_address>0x13e26</load_address>
         <run_address>0x13e26</run_address>
         <size>0x2c84</size>
         <input_file_ref idref="fl-16"/>
      </object_component>
      <object_component id="oc-7f">
         <name>.debug_info</name>
         <load_address>0x16aaa</load_address>
         <run_address>0x16aaa</run_address>
         <size>0x174</size>
         <input_file_ref idref="fl-22"/>
      </object_component>
      <object_component id="oc-84">
         <name>.debug_info</name>
         <load_address>0x16c1e</load_address>
         <run_address>0x16c1e</run_address>
         <size>0x115</size>
         <input_file_ref idref="fl-23"/>
      </object_component>
      <object_component id="oc-88">
         <name>.debug_info</name>
         <load_address>0x16d33</load_address>
         <run_address>0x16d33</run_address>
         <size>0x562</size>
         <input_file_ref idref="fl-24"/>
      </object_component>
      <object_component id="oc-8d">
         <name>.debug_info</name>
         <load_address>0x17295</load_address>
         <run_address>0x17295</run_address>
         <size>0x43b</size>
         <input_file_ref idref="fl-25"/>
      </object_component>
      <object_component id="oc-92">
         <name>.debug_info</name>
         <load_address>0x176d0</load_address>
         <run_address>0x176d0</run_address>
         <size>0x3ae</size>
         <input_file_ref idref="fl-26"/>
      </object_component>
      <object_component id="oc-97">
         <name>.debug_info</name>
         <load_address>0x17a7e</load_address>
         <run_address>0x17a7e</run_address>
         <size>0x3ab</size>
         <input_file_ref idref="fl-27"/>
      </object_component>
      <object_component id="oc-9c">
         <name>.debug_info</name>
         <load_address>0x17e29</load_address>
         <run_address>0x17e29</run_address>
         <size>0x545</size>
         <input_file_ref idref="fl-28"/>
      </object_component>
      <object_component id="oc-a3">
         <name>.debug_info</name>
         <load_address>0x1836e</load_address>
         <run_address>0x1836e</run_address>
         <size>0x4cd</size>
         <input_file_ref idref="fl-29"/>
      </object_component>
      <object_component id="oc-a8">
         <name>.debug_info</name>
         <load_address>0x1883b</load_address>
         <run_address>0x1883b</run_address>
         <size>0x468</size>
         <input_file_ref idref="fl-2a"/>
      </object_component>
      <object_component id="oc-10f">
         <name>.debug_info</name>
         <load_address>0x18ca3</load_address>
         <run_address>0x18ca3</run_address>
         <size>0x9e</size>
      </object_component>
      <object_component id="oc-15">
         <name>.debug_frame</name>
         <load_address>0x0</load_address>
         <run_address>0x0</run_address>
         <size>0xb0</size>
         <input_file_ref idref="fl-1"/>
      </object_component>
      <object_component id="oc-1b">
         <name>.debug_frame</name>
         <load_address>0xb0</load_address>
         <run_address>0xb0</run_address>
         <size>0xfc</size>
         <input_file_ref idref="fl-2"/>
      </object_component>
      <object_component id="oc-24">
         <name>.debug_frame</name>
         <load_address>0x1ac</load_address>
         <run_address>0x1ac</run_address>
         <size>0xa0</size>
         <input_file_ref idref="fl-4"/>
      </object_component>
      <object_component id="oc-2a">
         <name>.debug_frame</name>
         <load_address>0x24c</load_address>
         <run_address>0x24c</run_address>
         <size>0xb4</size>
         <input_file_ref idref="fl-5"/>
      </object_component>
      <object_component id="oc-2f">
         <name>.debug_frame</name>
         <load_address>0x300</load_address>
         <run_address>0x300</run_address>
         <size>0xb4</size>
         <input_file_ref idref="fl-6"/>
      </object_component>
      <object_component id="oc-37">
         <name>.debug_frame</name>
         <load_address>0x3b4</load_address>
         <run_address>0x3b4</run_address>
         <size>0x294</size>
         <input_file_ref idref="fl-7"/>
      </object_component>
      <object_component id="oc-3e">
         <name>.debug_frame</name>
         <load_address>0x648</load_address>
         <run_address>0x648</run_address>
         <size>0x470</size>
         <input_file_ref idref="fl-8"/>
      </object_component>
      <object_component id="oc-44">
         <name>.debug_frame</name>
         <load_address>0xab8</load_address>
         <run_address>0xab8</run_address>
         <size>0xb0</size>
         <input_file_ref idref="fl-9"/>
      </object_component>
      <object_component id="oc-4d">
         <name>.debug_frame</name>
         <load_address>0xb68</load_address>
         <run_address>0xb68</run_address>
         <size>0x27c</size>
         <input_file_ref idref="fl-a"/>
      </object_component>
      <object_component id="oc-53">
         <name>.debug_frame</name>
         <load_address>0x1014</load_address>
         <run_address>0x1014</run_address>
         <size>0xc3</size>
         <input_file_ref idref="fl-10"/>
      </object_component>
      <object_component id="oc-59">
         <name>.debug_frame</name>
         <load_address>0x10d7</load_address>
         <run_address>0x10d7</run_address>
         <size>0xc2</size>
         <input_file_ref idref="fl-11"/>
      </object_component>
      <object_component id="oc-5f">
         <name>.debug_frame</name>
         <load_address>0x1199</load_address>
         <run_address>0x1199</run_address>
         <size>0xc2</size>
         <input_file_ref idref="fl-12"/>
      </object_component>
      <object_component id="oc-65">
         <name>.debug_frame</name>
         <load_address>0x125b</load_address>
         <run_address>0x125b</run_address>
         <size>0x1b6</size>
         <input_file_ref idref="fl-13"/>
      </object_component>
      <object_component id="oc-6b">
         <name>.debug_frame</name>
         <load_address>0x1411</load_address>
         <run_address>0x1411</run_address>
         <size>0xf9</size>
         <input_file_ref idref="fl-14"/>
      </object_component>
      <object_component id="oc-71">
         <name>.debug_frame</name>
         <load_address>0x150a</load_address>
         <run_address>0x150a</run_address>
         <size>0x144</size>
         <input_file_ref idref="fl-15"/>
      </object_component>
      <object_component id="oc-78">
         <name>.debug_frame</name>
         <load_address>0x164e</load_address>
         <run_address>0x164e</run_address>
         <size>0x2b0</size>
         <input_file_ref idref="fl-16"/>
      </object_component>
      <object_component id="oc-89">
         <name>.debug_frame</name>
         <load_address>0xde4</load_address>
         <run_address>0xde4</run_address>
         <size>0x60</size>
         <input_file_ref idref="fl-24"/>
      </object_component>
      <object_component id="oc-8e">
         <name>.debug_frame</name>
         <load_address>0xe44</load_address>
         <run_address>0xe44</run_address>
         <size>0x40</size>
         <input_file_ref idref="fl-25"/>
      </object_component>
      <object_component id="oc-93">
         <name>.debug_frame</name>
         <load_address>0xe84</load_address>
         <run_address>0xe84</run_address>
         <size>0x40</size>
         <input_file_ref idref="fl-26"/>
      </object_component>
      <object_component id="oc-98">
         <name>.debug_frame</name>
         <load_address>0xec4</load_address>
         <run_address>0xec4</run_address>
         <size>0x40</size>
         <input_file_ref idref="fl-27"/>
      </object_component>
      <object_component id="oc-9f">
         <name>.debug_frame</name>
         <load_address>0xf04</load_address>
         <run_address>0xf04</run_address>
         <size>0x60</size>
         <input_file_ref idref="fl-28"/>
      </object_component>
      <object_component id="oc-a4">
         <name>.debug_frame</name>
         <load_address>0xf64</load_address>
         <run_address>0xf64</run_address>
         <size>0x70</size>
         <input_file_ref idref="fl-29"/>
      </object_component>
      <object_component id="oc-a9">
         <name>.debug_frame</name>
         <load_address>0xfd4</load_address>
         <run_address>0xfd4</run_address>
         <size>0x40</size>
         <input_file_ref idref="fl-2a"/>
      </object_component>
      <object_component id="oc-16">
         <name>.debug_line</name>
         <load_address>0x0</load_address>
         <run_address>0x0</run_address>
         <size>0x222</size>
         <input_file_ref idref="fl-1"/>
      </object_component>
      <object_component id="oc-1c">
         <name>.debug_line</name>
         <load_address>0x222</load_address>
         <run_address>0x222</run_address>
         <size>0x1f4</size>
         <input_file_ref idref="fl-2"/>
      </object_component>
      <object_component id="oc-1f">
         <name>.debug_line</name>
         <load_address>0x416</load_address>
         <run_address>0x416</run_address>
         <size>0x54</size>
         <input_file_ref idref="fl-3"/>
      </object_component>
      <object_component id="oc-25">
         <name>.debug_line</name>
         <load_address>0x46a</load_address>
         <run_address>0x46a</run_address>
         <size>0xc8</size>
         <input_file_ref idref="fl-4"/>
      </object_component>
      <object_component id="oc-2b">
         <name>.debug_line</name>
         <load_address>0x532</load_address>
         <run_address>0x532</run_address>
         <size>0x12c</size>
         <input_file_ref idref="fl-5"/>
      </object_component>
      <object_component id="oc-30">
         <name>.debug_line</name>
         <load_address>0x65e</load_address>
         <run_address>0x65e</run_address>
         <size>0xb4</size>
         <input_file_ref idref="fl-6"/>
      </object_component>
      <object_component id="oc-38">
         <name>.debug_line</name>
         <load_address>0x712</load_address>
         <run_address>0x712</run_address>
         <size>0x350</size>
         <input_file_ref idref="fl-7"/>
      </object_component>
      <object_component id="oc-3f">
         <name>.debug_line</name>
         <load_address>0xa62</load_address>
         <run_address>0xa62</run_address>
         <size>0x6f4</size>
         <input_file_ref idref="fl-8"/>
      </object_component>
      <object_component id="oc-45">
         <name>.debug_line</name>
         <load_address>0x1156</load_address>
         <run_address>0x1156</run_address>
         <size>0x116</size>
         <input_file_ref idref="fl-9"/>
      </object_component>
      <object_component id="oc-4e">
         <name>.debug_line</name>
         <load_address>0x126c</load_address>
         <run_address>0x126c</run_address>
         <size>0x329</size>
         <input_file_ref idref="fl-a"/>
      </object_component>
      <object_component id="oc-54">
         <name>.debug_line</name>
         <load_address>0x1595</load_address>
         <run_address>0x1595</run_address>
         <size>0x13c</size>
         <input_file_ref idref="fl-10"/>
      </object_component>
      <object_component id="oc-5a">
         <name>.debug_line</name>
         <load_address>0x16d1</load_address>
         <run_address>0x16d1</run_address>
         <size>0x10d</size>
         <input_file_ref idref="fl-11"/>
      </object_component>
      <object_component id="oc-60">
         <name>.debug_line</name>
         <load_address>0x17de</load_address>
         <run_address>0x17de</run_address>
         <size>0x103</size>
         <input_file_ref idref="fl-12"/>
      </object_component>
      <object_component id="oc-66">
         <name>.debug_line</name>
         <load_address>0x18e1</load_address>
         <run_address>0x18e1</run_address>
         <size>0x20a</size>
         <input_file_ref idref="fl-13"/>
      </object_component>
      <object_component id="oc-6c">
         <name>.debug_line</name>
         <load_address>0x1aeb</load_address>
         <run_address>0x1aeb</run_address>
         <size>0x1e4</size>
         <input_file_ref idref="fl-14"/>
      </object_component>
      <object_component id="oc-72">
         <name>.debug_line</name>
         <load_address>0x1ccf</load_address>
         <run_address>0x1ccf</run_address>
         <size>0x1f8</size>
         <input_file_ref idref="fl-15"/>
      </object_component>
      <object_component id="oc-79">
         <name>.debug_line</name>
         <load_address>0x1ec7</load_address>
         <run_address>0x1ec7</run_address>
         <size>0x574</size>
         <input_file_ref idref="fl-16"/>
      </object_component>
      <object_component id="oc-80">
         <name>.debug_line</name>
         <load_address>0x243b</load_address>
         <run_address>0x243b</run_address>
         <size>0x7e</size>
         <input_file_ref idref="fl-22"/>
      </object_component>
      <object_component id="oc-85">
         <name>.debug_line</name>
         <load_address>0x24b9</load_address>
         <run_address>0x24b9</run_address>
         <size>0xad</size>
         <input_file_ref idref="fl-23"/>
      </object_component>
      <object_component id="oc-8a">
         <name>.debug_line</name>
         <load_address>0x2566</load_address>
         <run_address>0x2566</run_address>
         <size>0x50</size>
         <input_file_ref idref="fl-24"/>
      </object_component>
      <object_component id="oc-8f">
         <name>.debug_line</name>
         <load_address>0x25b6</load_address>
         <run_address>0x25b6</run_address>
         <size>0x62</size>
         <input_file_ref idref="fl-25"/>
      </object_component>
      <object_component id="oc-94">
         <name>.debug_line</name>
         <load_address>0x2618</load_address>
         <run_address>0x2618</run_address>
         <size>0x3e</size>
         <input_file_ref idref="fl-26"/>
      </object_component>
      <object_component id="oc-99">
         <name>.debug_line</name>
         <load_address>0x2656</load_address>
         <run_address>0x2656</run_address>
         <size>0x3a</size>
         <input_file_ref idref="fl-27"/>
      </object_component>
      <object_component id="oc-a0">
         <name>.debug_line</name>
         <load_address>0x2690</load_address>
         <run_address>0x2690</run_address>
         <size>0x65</size>
         <input_file_ref idref="fl-28"/>
      </object_component>
      <object_component id="oc-a5">
         <name>.debug_line</name>
         <load_address>0x26f5</load_address>
         <run_address>0x26f5</run_address>
         <size>0x5e</size>
         <input_file_ref idref="fl-29"/>
      </object_component>
      <object_component id="oc-aa">
         <name>.debug_line</name>
         <load_address>0x2753</load_address>
         <run_address>0x2753</run_address>
         <size>0x55</size>
         <input_file_ref idref="fl-2a"/>
      </object_component>
      <object_component id="oc-17">
         <name>.debug_abbrev</name>
         <load_address>0x0</load_address>
         <run_address>0x0</run_address>
         <size>0x176</size>
         <input_file_ref idref="fl-1"/>
      </object_component>
      <object_component id="oc-1d">
         <name>.debug_abbrev</name>
         <load_address>0x176</load_address>
         <run_address>0x176</run_address>
         <size>0x12a</size>
         <input_file_ref idref="fl-2"/>
      </object_component>
      <object_component id="oc-21">
         <name>.debug_abbrev</name>
         <load_address>0x2a0</load_address>
         <run_address>0x2a0</run_address>
         <size>0x21</size>
         <input_file_ref idref="fl-3"/>
      </object_component>
      <object_component id="oc-26">
         <name>.debug_abbrev</name>
         <load_address>0x2c1</load_address>
         <run_address>0x2c1</run_address>
         <size>0x11e</size>
         <input_file_ref idref="fl-4"/>
      </object_component>
      <object_component id="oc-2c">
         <name>.debug_abbrev</name>
         <load_address>0x3df</load_address>
         <run_address>0x3df</run_address>
         <size>0x168</size>
         <input_file_ref idref="fl-5"/>
      </object_component>
      <object_component id="oc-31">
         <name>.debug_abbrev</name>
         <load_address>0x547</load_address>
         <run_address>0x547</run_address>
         <size>0xe3</size>
         <input_file_ref idref="fl-6"/>
      </object_component>
      <object_component id="oc-39">
         <name>.debug_abbrev</name>
         <load_address>0x62a</load_address>
         <run_address>0x62a</run_address>
         <size>0x1a3</size>
         <input_file_ref idref="fl-7"/>
      </object_component>
      <object_component id="oc-40">
         <name>.debug_abbrev</name>
         <load_address>0x7cd</load_address>
         <run_address>0x7cd</run_address>
         <size>0x16f</size>
         <input_file_ref idref="fl-8"/>
      </object_component>
      <object_component id="oc-46">
         <name>.debug_abbrev</name>
         <load_address>0x93c</load_address>
         <run_address>0x93c</run_address>
         <size>0x126</size>
         <input_file_ref idref="fl-9"/>
      </object_component>
      <object_component id="oc-4f">
         <name>.debug_abbrev</name>
         <load_address>0xa62</load_address>
         <run_address>0xa62</run_address>
         <size>0x197</size>
         <input_file_ref idref="fl-a"/>
      </object_component>
      <object_component id="oc-55">
         <name>.debug_abbrev</name>
         <load_address>0xbf9</load_address>
         <run_address>0xbf9</run_address>
         <size>0xff</size>
         <input_file_ref idref="fl-10"/>
      </object_component>
      <object_component id="oc-5b">
         <name>.debug_abbrev</name>
         <load_address>0xcf8</load_address>
         <run_address>0xcf8</run_address>
         <size>0xfa</size>
         <input_file_ref idref="fl-11"/>
      </object_component>
      <object_component id="oc-61">
         <name>.debug_abbrev</name>
         <load_address>0xdf2</load_address>
         <run_address>0xdf2</run_address>
         <size>0xf1</size>
         <input_file_ref idref="fl-12"/>
      </object_component>
      <object_component id="oc-67">
         <name>.debug_abbrev</name>
         <load_address>0xee3</load_address>
         <run_address>0xee3</run_address>
         <size>0x149</size>
         <input_file_ref idref="fl-13"/>
      </object_component>
      <object_component id="oc-6d">
         <name>.debug_abbrev</name>
         <load_address>0x102c</load_address>
         <run_address>0x102c</run_address>
         <size>0x1d6</size>
         <input_file_ref idref="fl-14"/>
      </object_component>
      <object_component id="oc-73">
         <name>.debug_abbrev</name>
         <load_address>0x1202</load_address>
         <run_address>0x1202</run_address>
         <size>0x193</size>
         <input_file_ref idref="fl-15"/>
      </object_component>
      <object_component id="oc-7a">
         <name>.debug_abbrev</name>
         <load_address>0x1395</load_address>
         <run_address>0x1395</run_address>
         <size>0x219</size>
         <input_file_ref idref="fl-16"/>
      </object_component>
      <object_component id="oc-81">
         <name>.debug_abbrev</name>
         <load_address>0x15ae</load_address>
         <run_address>0x15ae</run_address>
         <size>0x46</size>
         <input_file_ref idref="fl-22"/>
      </object_component>
      <object_component id="oc-86">
         <name>.debug_abbrev</name>
         <load_address>0x15f4</load_address>
         <run_address>0x15f4</run_address>
         <size>0x38</size>
         <input_file_ref idref="fl-23"/>
      </object_component>
      <object_component id="oc-8b">
         <name>.debug_abbrev</name>
         <load_address>0x162c</load_address>
         <run_address>0x162c</run_address>
         <size>0xe3</size>
         <input_file_ref idref="fl-24"/>
      </object_component>
      <object_component id="oc-90">
         <name>.debug_abbrev</name>
         <load_address>0x170f</load_address>
         <run_address>0x170f</run_address>
         <size>0xa8</size>
         <input_file_ref idref="fl-25"/>
      </object_component>
      <object_component id="oc-95">
         <name>.debug_abbrev</name>
         <load_address>0x17b7</load_address>
         <run_address>0x17b7</run_address>
         <size>0x68</size>
         <input_file_ref idref="fl-26"/>
      </object_component>
      <object_component id="oc-9a">
         <name>.debug_abbrev</name>
         <load_address>0x181f</load_address>
         <run_address>0x181f</run_address>
         <size>0x66</size>
         <input_file_ref idref="fl-27"/>
      </object_component>
      <object_component id="oc-a1">
         <name>.debug_abbrev</name>
         <load_address>0x1885</load_address>
         <run_address>0x1885</run_address>
         <size>0x130</size>
         <input_file_ref idref="fl-28"/>
      </object_component>
      <object_component id="oc-a6">
         <name>.debug_abbrev</name>
         <load_address>0x19b5</load_address>
         <run_address>0x19b5</run_address>
         <size>0xb2</size>
         <input_file_ref idref="fl-29"/>
      </object_component>
      <object_component id="oc-ab">
         <name>.debug_abbrev</name>
         <load_address>0x1a67</load_address>
         <run_address>0x1a67</run_address>
         <size>0xee</size>
         <input_file_ref idref="fl-2a"/>
      </object_component>
      <object_component id="oc-110">
         <name>.debug_abbrev</name>
         <load_address>0x1b55</load_address>
         <run_address>0x1b55</run_address>
         <size>0xf</size>
      </object_component>
      <object_component id="oc-18">
         <name>.debug_aranges</name>
         <load_address>0x0</load_address>
         <run_address>0x0</run_address>
         <size>0x40</size>
         <input_file_ref idref="fl-1"/>
      </object_component>
      <object_component id="oc-1e">
         <name>.debug_aranges</name>
         <load_address>0x40</load_address>
         <run_address>0x40</run_address>
         <size>0x58</size>
         <input_file_ref idref="fl-2"/>
      </object_component>
      <object_component id="oc-22">
         <name>.debug_aranges</name>
         <load_address>0x98</load_address>
         <run_address>0x98</run_address>
         <size>0x20</size>
         <input_file_ref idref="fl-3"/>
      </object_component>
      <object_component id="oc-27">
         <name>.debug_aranges</name>
         <load_address>0xb8</load_address>
         <run_address>0xb8</run_address>
         <size>0x38</size>
         <input_file_ref idref="fl-4"/>
      </object_component>
      <object_component id="oc-2d">
         <name>.debug_aranges</name>
         <load_address>0xf0</load_address>
         <run_address>0xf0</run_address>
         <size>0x40</size>
         <input_file_ref idref="fl-5"/>
      </object_component>
      <object_component id="oc-32">
         <name>.debug_aranges</name>
         <load_address>0x130</load_address>
         <run_address>0x130</run_address>
         <size>0x40</size>
         <input_file_ref idref="fl-6"/>
      </object_component>
      <object_component id="oc-3a">
         <name>.debug_aranges</name>
         <load_address>0x170</load_address>
         <run_address>0x170</run_address>
         <size>0xd0</size>
         <input_file_ref idref="fl-7"/>
      </object_component>
      <object_component id="oc-41">
         <name>.debug_aranges</name>
         <load_address>0x240</load_address>
         <run_address>0x240</run_address>
         <size>0x150</size>
         <input_file_ref idref="fl-8"/>
      </object_component>
      <object_component id="oc-47">
         <name>.debug_aranges</name>
         <load_address>0x390</load_address>
         <run_address>0x390</run_address>
         <size>0x40</size>
         <input_file_ref idref="fl-9"/>
      </object_component>
      <object_component id="oc-50">
         <name>.debug_aranges</name>
         <load_address>0x3d0</load_address>
         <run_address>0x3d0</run_address>
         <size>0xa0</size>
         <input_file_ref idref="fl-a"/>
      </object_component>
      <object_component id="oc-56">
         <name>.debug_aranges</name>
         <load_address>0x470</load_address>
         <run_address>0x470</run_address>
         <size>0x28</size>
         <input_file_ref idref="fl-10"/>
      </object_component>
      <object_component id="oc-5c">
         <name>.debug_aranges</name>
         <load_address>0x498</load_address>
         <run_address>0x498</run_address>
         <size>0x28</size>
         <input_file_ref idref="fl-11"/>
      </object_component>
      <object_component id="oc-62">
         <name>.debug_aranges</name>
         <load_address>0x4c0</load_address>
         <run_address>0x4c0</run_address>
         <size>0x28</size>
         <input_file_ref idref="fl-12"/>
      </object_component>
      <object_component id="oc-68">
         <name>.debug_aranges</name>
         <load_address>0x4e8</load_address>
         <run_address>0x4e8</run_address>
         <size>0x70</size>
         <input_file_ref idref="fl-13"/>
      </object_component>
      <object_component id="oc-6e">
         <name>.debug_aranges</name>
         <load_address>0x558</load_address>
         <run_address>0x558</run_address>
         <size>0x38</size>
         <input_file_ref idref="fl-14"/>
      </object_component>
      <object_component id="oc-74">
         <name>.debug_aranges</name>
         <load_address>0x590</load_address>
         <run_address>0x590</run_address>
         <size>0x58</size>
         <input_file_ref idref="fl-15"/>
      </object_component>
      <object_component id="oc-7b">
         <name>.debug_aranges</name>
         <load_address>0x5e8</load_address>
         <run_address>0x5e8</run_address>
         <size>0xc0</size>
         <input_file_ref idref="fl-16"/>
      </object_component>
      <object_component id="oc-82">
         <name>.debug_aranges</name>
         <load_address>0x6a8</load_address>
         <run_address>0x6a8</run_address>
         <size>0x20</size>
         <input_file_ref idref="fl-22"/>
      </object_component>
      <object_component id="oc-87">
         <name>.debug_aranges</name>
         <load_address>0x6c8</load_address>
         <run_address>0x6c8</run_address>
         <size>0x20</size>
         <input_file_ref idref="fl-23"/>
      </object_component>
      <object_component id="oc-8c">
         <name>.debug_aranges</name>
         <load_address>0x6e8</load_address>
         <run_address>0x6e8</run_address>
         <size>0x20</size>
         <input_file_ref idref="fl-24"/>
      </object_component>
      <object_component id="oc-91">
         <name>.debug_aranges</name>
         <load_address>0x708</load_address>
         <run_address>0x708</run_address>
         <size>0x20</size>
         <input_file_ref idref="fl-25"/>
      </object_component>
      <object_component id="oc-96">
         <name>.debug_aranges</name>
         <load_address>0x728</load_address>
         <run_address>0x728</run_address>
         <size>0x20</size>
         <input_file_ref idref="fl-26"/>
      </object_component>
      <object_component id="oc-9b">
         <name>.debug_aranges</name>
         <load_address>0x748</load_address>
         <run_address>0x748</run_address>
         <size>0x20</size>
         <input_file_ref idref="fl-27"/>
      </object_component>
      <object_component id="oc-a2">
         <name>.debug_aranges</name>
         <load_address>0x768</load_address>
         <run_address>0x768</run_address>
         <size>0x28</size>
         <input_file_ref idref="fl-28"/>
      </object_component>
      <object_component id="oc-a7">
         <name>.debug_aranges</name>
         <load_address>0x790</load_address>
         <run_address>0x790</run_address>
         <size>0x30</size>
         <input_file_ref idref="fl-29"/>
      </object_component>
      <object_component id="oc-ac">
         <name>.debug_aranges</name>
         <load_address>0x7c0</load_address>
         <run_address>0x7c0</run_address>
         <size>0x20</size>
         <input_file_ref idref="fl-2a"/>
      </object_component>
   </object_component_list>
   <logical_group_list>
      <logical_group id="lg-2" display="no" color="cyan">
         <name>codestart</name>
         <load_address>0x80000</load_address>
         <run_address>0x80000</run_address>
         <size>0x2</size>
         <contents>
            <object_component_ref idref="oc-10"/>
         </contents>
      </logical_group>
      <logical_group id="lg-10d" display="no" color="cyan">
         <name>.text.1</name>
         <load_address>0x8121c</load_address>
         <run_address>0x8121c</run_address>
         <size>0xde4</size>
         <contents>
            <object_component_ref idref="oc-c5"/>
            <object_component_ref idref="oc-c4"/>
            <object_component_ref idref="oc-b6"/>
            <object_component_ref idref="oc-ad"/>
            <object_component_ref idref="oc-ef"/>
            <object_component_ref idref="oc-d9"/>
            <object_component_ref idref="oc-b0"/>
         </contents>
      </logical_group>
      <logical_group id="lg-10e" display="no" color="cyan">
         <name>.text.2</name>
         <load_address>0x82000</load_address>
         <run_address>0x82000</run_address>
         <size>0xc7a</size>
         <contents>
            <object_component_ref idref="oc-b3"/>
            <object_component_ref idref="oc-bf"/>
            <object_component_ref idref="oc-be"/>
            <object_component_ref idref="oc-b9"/>
            <object_component_ref idref="oc-cb"/>
            <object_component_ref idref="oc-c0"/>
            <object_component_ref idref="oc-83"/>
            <object_component_ref idref="oc-c3"/>
            <object_component_ref idref="oc-ba"/>
            <object_component_ref idref="oc-dc"/>
            <object_component_ref idref="oc-e9"/>
            <object_component_ref idref="oc-4b"/>
            <object_component_ref idref="oc-ca"/>
            <object_component_ref idref="oc-7c"/>
            <object_component_ref idref="oc-c1"/>
            <object_component_ref idref="oc-da"/>
            <object_component_ref idref="oc-dd"/>
            <object_component_ref idref="oc-c6"/>
            <object_component_ref idref="oc-db"/>
            <object_component_ref idref="oc-b2"/>
            <object_component_ref idref="oc-ea"/>
            <object_component_ref idref="oc-e1"/>
            <object_component_ref idref="oc-af"/>
            <object_component_ref idref="oc-f0"/>
            <object_component_ref idref="oc-c2"/>
            <object_component_ref idref="oc-e8"/>
            <object_component_ref idref="oc-e7"/>
            <object_component_ref idref="oc-b5"/>
            <object_component_ref idref="oc-ee"/>
            <object_component_ref idref="oc-bd"/>
            <object_component_ref idref="oc-bb"/>
            <object_component_ref idref="oc-e2"/>
            <object_component_ref idref="oc-b1"/>
            <object_component_ref idref="oc-e6"/>
            <object_component_ref idref="oc-e3"/>
            <object_component_ref idref="oc-e5"/>
            <object_component_ref idref="oc-eb"/>
            <object_component_ref idref="oc-de"/>
            <object_component_ref idref="oc-e4"/>
            <object_component_ref idref="oc-ec"/>
            <object_component_ref idref="oc-ed"/>
            <object_component_ref idref="oc-b4"/>
            <object_component_ref idref="oc-f2"/>
            <object_component_ref idref="oc-cc"/>
            <object_component_ref idref="oc-cd"/>
            <object_component_ref idref="oc-d7"/>
            <object_component_ref idref="oc-d6"/>
            <object_component_ref idref="oc-df"/>
            <object_component_ref idref="oc-c9"/>
            <object_component_ref idref="oc-c7"/>
            <object_component_ref idref="oc-f1"/>
            <object_component_ref idref="oc-d8"/>
            <object_component_ref idref="oc-ae"/>
         </contents>
      </logical_group>
      <split_section id="lg-3" display="no" color="cyan">
         <name>.text</name>
         <contents>
            <logical_group_ref idref="lg-10d"/>
            <logical_group_ref idref="lg-10e"/>
         </contents>
      </split_section>
      <logical_group id="lg-4" display="no" color="cyan">
         <name>.cinit</name>
         <load_address>0x81138</load_address>
         <run_address>0x81138</run_address>
         <size>0xe3</size>
         <contents>
            <object_component_ref idref="oc-34"/>
            <object_component_ref idref="oc-9d"/>
            <object_component_ref idref="oc-12"/>
            <object_component_ref idref="oc-49"/>
            <object_component_ref idref="oc-b8"/>
            <object_component_ref idref="oc-c8"/>
         </contents>
      </logical_group>
      <logical_group id="lg-5" display="no" color="cyan">
         <name>.pinit</name>
         <run_address>0x0</run_address>
         <size>0x0</size>
         <contents>
         </contents>
      </logical_group>
      <logical_group id="lg-6" display="no" color="cyan">
         <name>.switch</name>
         <run_address>0x0</run_address>
         <size>0x0</size>
         <contents>
         </contents>
      </logical_group>
      <logical_group id="lg-7" display="no" color="cyan">
         <name>.reset</name>
         <load_address>0x3fffc0</load_address>
         <run_address>0x3fffc0</run_address>
         <size>0x2</size>
         <contents>
            <object_component_ref idref="oc-7e"/>
         </contents>
      </logical_group>
      <logical_group id="lg-8" display="no" color="cyan">
         <name>.stack</name>
         <run_address>0x400</run_address>
         <size>0x100</size>
         <contents>
            <object_component_ref idref="oc-7d"/>
            <object_component_ref idref="oc-10c"/>
         </contents>
      </logical_group>
      <logical_group id="lg-9" display="no" color="cyan">
         <name>.ebss</name>
         <run_address>0xa800</run_address>
         <size>0x13c</size>
         <contents>
            <object_component_ref idref="oc-13"/>
            <object_component_ref idref="oc-35"/>
            <object_component_ref idref="oc-3c"/>
            <object_component_ref idref="oc-4a"/>
            <object_component_ref idref="oc-9e"/>
            <object_component_ref idref="oc-b7"/>
            <object_component_ref idref="oc-e0"/>
         </contents>
      </logical_group>
      <logical_group id="lg-a" display="no" color="cyan">
         <name>.esysmem</name>
         <run_address>0x0</run_address>
         <size>0x0</size>
         <contents>
         </contents>
      </logical_group>
      <logical_group id="lg-b" display="no" color="cyan">
         <name>.econst</name>
         <load_address>0x84000</load_address>
         <run_address>0x84000</run_address>
         <size>0x5b5</size>
         <contents>
            <object_component_ref idref="oc-64"/>
            <object_component_ref idref="oc-77"/>
            <object_component_ref idref="oc-6a"/>
            <object_component_ref idref="oc-3d"/>
            <object_component_ref idref="oc-70"/>
            <object_component_ref idref="oc-58"/>
            <object_component_ref idref="oc-5e"/>
            <object_component_ref idref="oc-52"/>
            <object_component_ref idref="oc-14"/>
            <object_component_ref idref="oc-4c"/>
            <object_component_ref idref="oc-29"/>
            <object_component_ref idref="oc-43"/>
            <object_component_ref idref="oc-36"/>
            <object_component_ref idref="oc-1a"/>
         </contents>
      </logical_group>
      <logical_group id="lg-c" display="no" color="cyan">
         <name>ramgs0</name>
         <run_address>0x0</run_address>
         <size>0x0</size>
         <contents>
         </contents>
      </logical_group>
      <logical_group id="lg-d" display="no" color="cyan">
         <name>ramgs1</name>
         <run_address>0x0</run_address>
         <size>0x0</size>
         <contents>
         </contents>
      </logical_group>
      <logical_group id="lg-e" display="no" color="cyan">
         <name>.TI.ramfunc</name>
         <load_address>0x81000</load_address>
         <run_address>0x8000</run_address>
         <size>0x136</size>
         <contents>
            <object_component_ref idref="oc-bc"/>
            <object_component_ref idref="oc-ce"/>
            <object_component_ref idref="oc-d2"/>
            <object_component_ref idref="oc-cf"/>
            <object_component_ref idref="oc-d0"/>
            <object_component_ref idref="oc-d1"/>
            <object_component_ref idref="oc-d3"/>
            <object_component_ref idref="oc-d4"/>
            <object_component_ref idref="oc-d5"/>
            <object_component_ref idref="oc-76"/>
         </contents>
      </logical_group>
      <logical_group id="lg-100" display="never" color="cyan">
         <name>.debug_info</name>
         <load_address>0x0</load_address>
         <run_address>0x0</run_address>
         <size>0x18d41</size>
         <contents>
            <object_component_ref idref="oc-11"/>
            <object_component_ref idref="oc-19"/>
            <object_component_ref idref="oc-20"/>
            <object_component_ref idref="oc-23"/>
            <object_component_ref idref="oc-28"/>
            <object_component_ref idref="oc-2e"/>
            <object_component_ref idref="oc-33"/>
            <object_component_ref idref="oc-3b"/>
            <object_component_ref idref="oc-42"/>
            <object_component_ref idref="oc-48"/>
            <object_component_ref idref="oc-51"/>
            <object_component_ref idref="oc-57"/>
            <object_component_ref idref="oc-5d"/>
            <object_component_ref idref="oc-63"/>
            <object_component_ref idref="oc-69"/>
            <object_component_ref idref="oc-6f"/>
            <object_component_ref idref="oc-75"/>
            <object_component_ref idref="oc-7f"/>
            <object_component_ref idref="oc-84"/>
            <object_component_ref idref="oc-88"/>
            <object_component_ref idref="oc-8d"/>
            <object_component_ref idref="oc-92"/>
            <object_component_ref idref="oc-97"/>
            <object_component_ref idref="oc-9c"/>
            <object_component_ref idref="oc-a3"/>
            <object_component_ref idref="oc-a8"/>
            <object_component_ref idref="oc-10f"/>
         </contents>
      </logical_group>
      <logical_group id="lg-102" display="never" color="cyan">
         <name>.debug_frame</name>
         <load_address>0x0</load_address>
         <run_address>0x0</run_address>
         <size>0x18fe</size>
         <contents>
            <object_component_ref idref="oc-15"/>
            <object_component_ref idref="oc-1b"/>
            <object_component_ref idref="oc-24"/>
            <object_component_ref idref="oc-2a"/>
            <object_component_ref idref="oc-2f"/>
            <object_component_ref idref="oc-37"/>
            <object_component_ref idref="oc-3e"/>
            <object_component_ref idref="oc-44"/>
            <object_component_ref idref="oc-4d"/>
            <object_component_ref idref="oc-53"/>
            <object_component_ref idref="oc-59"/>
            <object_component_ref idref="oc-5f"/>
            <object_component_ref idref="oc-65"/>
            <object_component_ref idref="oc-6b"/>
            <object_component_ref idref="oc-71"/>
            <object_component_ref idref="oc-78"/>
            <object_component_ref idref="oc-89"/>
            <object_component_ref idref="oc-8e"/>
            <object_component_ref idref="oc-93"/>
            <object_component_ref idref="oc-98"/>
            <object_component_ref idref="oc-9f"/>
            <object_component_ref idref="oc-a4"/>
            <object_component_ref idref="oc-a9"/>
         </contents>
      </logical_group>
      <logical_group id="lg-104" display="never" color="cyan">
         <name>.debug_line</name>
         <load_address>0x0</load_address>
         <run_address>0x0</run_address>
         <size>0x27a8</size>
         <contents>
            <object_component_ref idref="oc-16"/>
            <object_component_ref idref="oc-1c"/>
            <object_component_ref idref="oc-1f"/>
            <object_component_ref idref="oc-25"/>
            <object_component_ref idref="oc-2b"/>
            <object_component_ref idref="oc-30"/>
            <object_component_ref idref="oc-38"/>
            <object_component_ref idref="oc-3f"/>
            <object_component_ref idref="oc-45"/>
            <object_component_ref idref="oc-4e"/>
            <object_component_ref idref="oc-54"/>
            <object_component_ref idref="oc-5a"/>
            <object_component_ref idref="oc-60"/>
            <object_component_ref idref="oc-66"/>
            <object_component_ref idref="oc-6c"/>
            <object_component_ref idref="oc-72"/>
            <object_component_ref idref="oc-79"/>
            <object_component_ref idref="oc-80"/>
            <object_component_ref idref="oc-85"/>
            <object_component_ref idref="oc-8a"/>
            <object_component_ref idref="oc-8f"/>
            <object_component_ref idref="oc-94"/>
            <object_component_ref idref="oc-99"/>
            <object_component_ref idref="oc-a0"/>
            <object_component_ref idref="oc-a5"/>
            <object_component_ref idref="oc-aa"/>
         </contents>
      </logical_group>
      <logical_group id="lg-106" display="never" color="cyan">
         <name>.debug_abbrev</name>
         <load_address>0x0</load_address>
         <run_address>0x0</run_address>
         <size>0x1b64</size>
         <contents>
            <object_component_ref idref="oc-17"/>
            <object_component_ref idref="oc-1d"/>
            <object_component_ref idref="oc-21"/>
            <object_component_ref idref="oc-26"/>
            <object_component_ref idref="oc-2c"/>
            <object_component_ref idref="oc-31"/>
            <object_component_ref idref="oc-39"/>
            <object_component_ref idref="oc-40"/>
            <object_component_ref idref="oc-46"/>
            <object_component_ref idref="oc-4f"/>
            <object_component_ref idref="oc-55"/>
            <object_component_ref idref="oc-5b"/>
            <object_component_ref idref="oc-61"/>
            <object_component_ref idref="oc-67"/>
            <object_component_ref idref="oc-6d"/>
            <object_component_ref idref="oc-73"/>
            <object_component_ref idref="oc-7a"/>
            <object_component_ref idref="oc-81"/>
            <object_component_ref idref="oc-86"/>
            <object_component_ref idref="oc-8b"/>
            <object_component_ref idref="oc-90"/>
            <object_component_ref idref="oc-95"/>
            <object_component_ref idref="oc-9a"/>
            <object_component_ref idref="oc-a1"/>
            <object_component_ref idref="oc-a6"/>
            <object_component_ref idref="oc-ab"/>
            <object_component_ref idref="oc-110"/>
         </contents>
      </logical_group>
      <logical_group id="lg-108" display="never" color="cyan">
         <name>.debug_aranges</name>
         <load_address>0x0</load_address>
         <run_address>0x0</run_address>
         <size>0x7e0</size>
         <contents>
            <object_component_ref idref="oc-18"/>
            <object_component_ref idref="oc-1e"/>
[...]
         <name>RAMLS5</name>
         <page_id>0x1</page_id>
         <origin>0xa800</origin>
         <length>0x800</length>
         <used_space>0x13c</used_space>
         <unused_space>0x6c4</unused_space>
         <attributes>RWIX</attributes>
         <usage_details>
            <allocated_space>
               <start_address>0xa800</start_address>
               <size>0x13c</size>
               <logical_group_ref idref="lg-9"/>
            </allocated_space>
            <available_space>
               <start_address>0xa93c</start_address>
               <size>0x6c4</size>
            </available_space>
         </usage_details>
      </memory_area>
      <memory_area display="yes" color="green">
         <name>RAMLS6</name>
         <page_id>0x1</page_id>
         <origin>0xb000</origin>
         <length>0x800</length>
         <used_space>0x0</used_space>
         <unused_space>0x800</unused_space>
         <attributes>RWIX</attributes>
         <usage_details>
         </usage_details>
      </memory_area>
      <memory_area display="yes" color="green">
         <name>RAMLS7</name>
         <page_id>0x1</page_id>
         <origin>0xb800</origin>
         <length>0x800</length>
         <used_space>0x0</used_space>
         <unused_space>0x800</unused_space>
         <attributes>RWIX</attributes>
         <usage_details>
         </usage_details>
      </memory_area>
      <memory_area display="yes" color="green">
         <name>RAMGS0</name>
         <page_id>0x1</page_id>
         <origin>0xc000</origin>
         <length>0x2000</length>
         <used_space>0x0</used_space>
         <unused_space>0x2000</unused_space>
         <attributes>RWIX</attributes>
         <usage_details>
         </usage_details>
      </memory_area>
      <memory_area display="yes" color="green">
         <name>RAMGS1</name>
         <page_id>0x1</page_id>
         <origin>0xe000</origin>
         <length>0x2000</length>
         <used_space>0x0</used_space>
         <unused_space>0x2000</unused_space>
         <attributes>RWIX</attributes>
         <usage_details>
         </usage_details>
      </memory_area>
      <memory_area display="yes" color="green">
         <name>RAMGS2</name>
         <page_id>0x1</page_id>
         <origin>0x10000</origin>
         <length>0x2000</length>
         <used_space>0x0</used_space>
         <unused_space>0x2000</unused_space>
         <attributes>RWIX</attributes>
         <usage_details>
         </usage_details>
      </memory_area>
      <memory_area display="yes" color="green">
         <name>RAMGS3</name>
         <page_id>0x1</page_id>
         <origin>0x12000</origin>
         <length>0x2000</length>
         <used_space>0x0</used_space>
         <unused_space>0x2000</unused_space>
         <attributes>RWIX</attributes>
         <usage_details>
         </usage_details>
      </memory_area>
   </placement_map>
   <symbol_table>
      <symbol id="sm-0">
         <name>_RamfuncsLoadStart</name>
         <value>0x81000</value>
      </symbol>
      <symbol id="sm-1">
         <name>_RamfuncsLoadSize</name>
         <value>0x136</value>
      </symbol>
      <symbol id="sm-2">
         <name>_RamfuncsLoadEnd</name>
         <value>0x81136</value>
      </symbol>
      <symbol id="sm-3">
         <name>_RamfuncsRunStart</name>
         <value>0x8000</value>
      </symbol>
      <symbol id="sm-4">
         <name>_RamfuncsRunSize</name>
         <value>0x136</value>
      </symbol>
      <symbol id="sm-5">
         <name>_RamfuncsRunEnd</name>
         <value>0x8136</value>
      </symbol>
      <symbol id="sm-6">
         <name>cinit</name>
         <value>0x81138</value>
      </symbol>
      <symbol id="sm-7">
         <name>___cinit__</name>
         <value>0x81138</value>
      </symbol>
      <symbol id="sm-8">
         <name>pinit</name>
         <value>0xffffffff</value>
      </symbol>
      <symbol id="sm-9">
         <name>___pinit__</name>
         <value>0xffffffff</value>
      </symbol>
      <symbol id="sm-a">
         <name>binit</name>
         <value>0xffffffff</value>
      </symbol>
      <symbol id="sm-b">
         <name>___binit__</name>
         <value>0xffffffff</value>
      </symbol>
      <symbol id="sm-c">
         <name>__STACK_SIZE</name>
         <value>0x100</value>
      </symbol>
      <symbol id="sm-d">
         <name>__STACK_END</name>
         <value>0x500</value>
      </symbol>
      <symbol id="sm-e">
         <name>___c_args__</name>
         <value>0xffffffff</value>
      </symbol>
      <symbol id="sm-f">
         <name>.text</name>
         <value>0xffffffff</value>
      </symbol>
      <symbol id="sm-10">
         <name>___text__</name>
         <value>0xffffffff</value>
      </symbol>
      <symbol id="sm-11">
         <name>etext</name>
         <value>0xffffffff</value>
      </symbol>
      <symbol id="sm-12">
         <name>___etext__</name>
         <value>0xffffffff</value>
      </symbol>
      <symbol id="sm-13">
         <name>___TI_pprof_out_hndl</name>
         <value>0xffffffff</value>
      </symbol>
      <symbol id="sm-14">
         <name>___TI_prof_data_start</name>
         <value>0xffffffff</value>
      </symbol>
      <symbol id="sm-15">
         <name>___TI_prof_data_size</name>
         <value>0xffffffff</value>
      </symbol>
      <symbol id="sm-5e">
         <name>_main</name>
         <value>0x81d4a</value>
         <object_component_ref idref="oc-b6"/>
      </symbol>
      <symbol id="sm-5f">
         <name>_three_volt_buck_pid</name>
         <value>0xa8dc</value>
         <object_component_ref idref="oc-13"/>
      </symbol>
      <symbol id="sm-60">
         <name>_mppt_two</name>
         <value>0xa91c</value>
         <object_component_ref idref="oc-13"/>
      </symbol>
      <symbol id="sm-61">
         <name>_battery</name>
         <value>0xa8c0</value>
         <object_component_ref idref="oc-13"/>
      </symbol>
      <symbol id="sm-62">
         <name>_five_volt_buck_pid</name>
         <value>0xa8c8</value>
         <object_component_ref idref="oc-13"/>
      </symbol>
      <symbol id="sm-63">
         <name>_mppt_one</name>
         <value>0xa900</value>
         <object_component_ref idref="oc-13"/>
      </symbol>
      <symbol id="sm-78">
         <name>_Device_initGPIO</name>
         <value>0x82156</value>
         <object_component_ref idref="oc-b3"/>
      </symbol>
      <symbol id="sm-79">
         <name>___error__</name>
         <value>0x82166</value>
         <object_component_ref idref="oc-b3"/>
      </symbol>
      <symbol id="sm-7a">
         <name>_Device_init</name>
         <value>0x82042</value>
         <object_component_ref idref="oc-b3"/>
      </symbol>
      <symbol id="sm-7b">
         <name>_Device_enableAllPeripherals</name>
         <value>0x82088</value>
         <object_component_ref idref="oc-b3"/>
      </symbol>
      <symbol id="sm-88">
         <name>code_start</name>
         <value>0x80000</value>
         <object_component_ref idref="oc-10"/>
      </symbol>
      <symbol id="sm-9d">
         <name>_determine_cc_cv</name>
         <value>0x824a5</value>
         <object_component_ref idref="oc-c0"/>
      </symbol>
      <symbol id="sm-9e">
         <name>_determine_battery_state</name>
         <value>0x824d3</value>
         <object_component_ref idref="oc-c0"/>
      </symbol>
      <symbol id="sm-9f">
         <name>_update_battery</name>
         <value>0x8248a</value>
         <object_component_ref idref="oc-c0"/>
      </symbol>
      <symbol id="sm-a0">
         <name>_init_battery</name>
         <value>0x82478</value>
         <object_component_ref idref="oc-c0"/>
      </symbol>
      <symbol id="sm-b9">
         <name>_mppt_update_values</name>
         <value>0x821dd</value>
         <object_component_ref idref="oc-bf"/>
      </symbol>
      <symbol id="sm-ba">
         <name>_mppt_init</name>
         <value>0x821a9</value>
         <object_component_ref idref="oc-bf"/>
      </symbol>
      <symbol id="sm-bb">
         <name>_mppt_calculate</name>
         <value>0x8223b</value>
         <object_component_ref idref="oc-bf"/>
      </symbol>
      <symbol id="sm-c7">
         <name>_PID_calculate_integral</name>
         <value>0x822b1</value>
         <object_component_ref idref="oc-be"/>
      </symbol>
      <symbol id="sm-c8">
         <name>_PID_calculate_derivative</name>
         <value>0x822d1</value>
         <object_component_ref idref="oc-be"/>
      </symbol>
      <symbol id="sm-c9">
         <name>_PID_calculate</name>
         <value>0x822eb</value>
         <object_component_ref idref="oc-be"/>
      </symbol>
      <symbol id="sm-ca">
         <name>_PID_calculate_error</name>
         <value>0x822a1</value>
         <object_component_ref idref="oc-be"/>
      </symbol>
      <symbol id="sm-cb">
         <name>_PID_init</name>
         <value>0x8226a</value>
         <object_component_ref idref="oc-be"/>
      </symbol>
      <symbol id="sm-11b">
         <name>_get_buck_v</name>
         <value>0x81bcc</value>
         <object_component_ref idref="oc-c4"/>
      </symbol>
      <symbol id="sm-11c">
         <name>_get_buck_stepped_down_v</name>
         <value>0x81be3</value>
         <object_component_ref idref="oc-c4"/>
      </symbol>
      <symbol id="sm-11d">
         <name>_get_mppt_i</name>
         <value>0x81c2a</value>
         <object_component_ref idref="oc-c4"/>
      </symbol>
      <symbol id="sm-11e">
         <name>_get_mppt_v</name>
         <value>0x81bfa</value>
         <object_component_ref idref="oc-c4"/>
      </symbol>
      <symbol id="sm-11f">
         <name>_init_adc</name>
         <value>0x81b39</value>
         <object_component_ref idref="oc-c4"/>
      </symbol>
      <symbol id="sm-120">
         <name>_get_battery_stepped_down_v</name>
         <value>0x81c47</value>
         <object_component_ref idref="oc-c4"/>
      </symbol>
      <symbol id="sm-121">
         <name>_update_battery_conversions</name>
         <value>0x81cf7</value>
         <object_component_ref idref="oc-c4"/>
      </symbol>
      <symbol id="sm-122">
         <name>_adc_convert_to_mv</name>
         <value>0x81c51</value>
         <object_component_ref idref="oc-c4"/>
      </symbol>
      <symbol id="sm-123">
         <name>_get_battery_v</name>
         <value>0x81c42</value>
         <object_component_ref idref="oc-c4"/>
      </symbol>
      <symbol id="sm-124">
         <name>_get_battery_i</name>
         <value>0x81c4c</value>
         <object_component_ref idref="oc-c4"/>
      </symbol>
      <symbol id="sm-125">
         <name>_update_conversion</name>
         <value>0x81c73</value>
         <object_component_ref idref="oc-c4"/>
      </symbol>
      <symbol id="sm-126">
         <name>_update_output_buck_conversions</name>
         <value>0x81cdd</value>
         <object_component_ref idref="oc-c4"/>
      </symbol>
      <symbol id="sm-127">
         <name>_get_mppt_stepped_down_v</name>
         <value>0x81c12</value>
         <object_component_ref idref="oc-c4"/>
      </symbol>
      <symbol id="sm-128">
         <name>_update_mppt_conversions</name>
         <value>0x81ce6</value>
         <object_component_ref idref="oc-c4"/>
      </symbol>
      <symbol id="sm-129">
         <name>_adc_convert_to_v</name>
         <value>0x81c61</value>
         <object_component_ref idref="oc-c4"/>
      </symbol>
      <symbol id="sm-1bf">
         <name>_get_duty_cycle</name>
         <value>0x819f8</value>
         <object_component_ref idref="oc-c5"/>
      </symbol>
      <symbol id="sm-1c0">
         <name>_change_pwm_duty_cycle</name>
         <value>0x8196a</value>
         <object_component_ref idref="oc-c5"/>
      </symbol>
      <symbol id="sm-1c1">
         <name>_initEPWM</name>
         <value>0x81867</value>
         <object_component_ref idref="oc-c5"/>
      </symbol>
      <symbol id="sm-1c2">
         <name>_initEPWMGPIO</name>
         <value>0x8168b</value>
         <object_component_ref idref="oc-c5"/>
      </symbol>
      <symbol id="sm-1c3">
         <name>_initEPWM1</name>
         <value>0x816dd</value>
         <object_component_ref idref="oc-c5"/>
      </symbol>
      <symbol id="sm-1c4">
         <name>_initEPWM3</name>
         <value>0x817c8</value>
         <object_component_ref idref="oc-c5"/>
      </symbol>
      <symbol id="sm-1dd">
         <name>_init_led5</name>
         <value>0x825f2</value>
         <object_component_ref idref="oc-c3"/>
      </symbol>
      <symbol id="sm-1de">
         <name>_toggle_led</name>
         <value>0x82611</value>
         <object_component_ref idref="oc-c3"/>
      </symbol>
      <symbol id="sm-20b">
         <name>_PID_Timer_ISR</name>
         <value>0x8277d</value>
         <object_component_ref idref="oc-4b"/>
      </symbol>
      <symbol id="sm-20c">
         <name>_get_pid_active</name>
         <value>0x81fb4</value>
         <object_component_ref idref="oc-ad"/>
      </symbol>
      <symbol id="sm-20d">
         <name>_cpuTimer0ISR</name>
         <value>0x82745</value>
         <object_component_ref idref="oc-4b"/>
      </symbol>
      <symbol id="sm-20e">
         <name>_init_timer</name>
         <value>0x81f74</value>
         <object_component_ref idref="oc-ad"/>
      </symbol>
      <symbol id="sm-20f">
         <name>_set_mppt_active</name>
         <value>0x81fc3</value>
         <object_component_ref idref="oc-ad"/>
      </symbol>
      <symbol id="sm-210">
         <name>_get_mppt_active</name>
         <value>0x81fbf</value>
         <object_component_ref idref="oc-ad"/>
      </symbol>
      <symbol id="sm-211">
         <name>_MPPT_Timer_ISR</name>
         <value>0x8278e</value>
         <object_component_ref idref="oc-4b"/>
      </symbol>
      <symbol id="sm-212">
         <name>_set_pid_active</name>
         <value>0x81fb8</value>
         <object_component_ref idref="oc-ad"/>
      </symbol>
      <symbol id="sm-233">
         <name>_ADC_setVREF</name>
         <value>0x82683</value>
         <object_component_ref idref="oc-dc"/>
      </symbol>
      <symbol id="sm-249">
         <name>_CPUTimer_setEmulationMode</name>
         <value>0x82bf0</value>
         <object_component_ref idref="oc-b4"/>
      </symbol>
      <symbol id="sm-25f">
         <name>_EPWM_setEmulationMode</name>
         <value>0x82b9e</value>
         <object_component_ref idref="oc-de"/>
      </symbol>
      <symbol id="sm-29e">
         <name>_Flash_initModule</name>
         <value>0x8000</value>
         <object_component_ref idref="oc-bc"/>
      </symbol>
      <symbol id="sm-2c3">
         <name>_GPIO_setPinConfig</name>
         <value>0x828f1</value>
         <object_component_ref idref="oc-dd"/>
      </symbol>
      <symbol id="sm-2c4">
         <name>_GPIO_setDirectionMode</name>
         <value>0x82961</value>
         <object_component_ref idref="oc-db"/>
      </symbol>
      <symbol id="sm-2c5">
         <name>_GPIO_setPadConfig</name>
         <value>0x8289f</value>
         <object_component_ref idref="oc-da"/>
      </symbol>
      <symbol id="sm-2f7">
         <name>_Interrupt_enable</name>
         <value>0x8292e</value>
         <object_component_ref idref="oc-c6"/>
      </symbol>
      <symbol id="sm-2f8">
         <name>_Interrupt_initVectorTable</name>
         <value>0x82a4a</value>
         <object_component_ref idref="oc-c2"/>
      </symbol>
      <symbol id="sm-2f9">
         <name>_Interrupt_initModule</name>
         <value>0x8284b</value>
         <object_component_ref idref="oc-c1"/>
      </symbol>
      <symbol id="sm-38f">
         <name>_SysCtl_selectXTALSingleEnded</name>
         <value>0x82b11</value>
         <object_component_ref idref="oc-e2"/>
      </symbol>
      <symbol id="sm-390">
         <name>_SysCtl_selectXTAL</name>
         <value>0x829e0</value>
         <object_component_ref idref="oc-e1"/>
      </symbol>
      <symbol id="sm-391">
         <name>_SysCtl_delay</name>
         <value>0x8132</value>
         <object_component_ref idref="oc-76"/>
      </symbol>
      <symbol id="sm-392">
         <name>_SysCtl_selectOscSource</name>
         <value>0x8279f</value>
         <object_component_ref idref="oc-ca"/>
      </symbol>
      <symbol id="sm-393">
         <name>_SysCtl_isPLLValid</name>
         <value>0x823d1</value>
         <object_component_ref idref="oc-cb"/>
      </symbol>
      <symbol id="sm-394">
         <name>_SysCtl_setClock</name>
         <value>0x8231e</value>
         <object_component_ref idref="oc-b9"/>
      </symbol>
      <symbol id="sm-395">
         <name>_SysCtl_getLowSpeedClock</name>
         <value>0x82af7</value>
         <object_component_ref idref="oc-bb"/>
      </symbol>
      <symbol id="sm-396">
         <name>_SysCtl_getClock</name>
         <value>0x82615</value>
         <object_component_ref idref="oc-ba"/>
      </symbol>
      <symbol id="sm-3b1">
         <name>_c_int00</name>
         <value>0x827f5</value>
         <object_component_ref idref="oc-7c"/>
      </symbol>
      <symbol id="sm-3b2">
         <name>__stack</name>
         <value>0x400</value>
         <object_component_ref idref="oc-7d"/>
      </symbol>
      <symbol id="sm-3c3">
         <name>FS$$DIV</name>
         <value>0x8250e</value>
         <object_component_ref idref="oc-83"/>
      </symbol>
      <symbol id="sm-3d2">
         <name>_copy_in</name>
         <value>0x82a04</value>
         <object_component_ref idref="oc-af"/>
      </symbol>
      <symbol id="sm-3e3">
         <name>_memcpy</name>
         <value>0x82aa6</value>
         <object_component_ref idref="oc-b5"/>
      </symbol>
      <symbol id="sm-3ef">
         <name>__system_pre_init</name>
         <value>0x82c78</value>
         <object_component_ref idref="oc-ae"/>
      </symbol>
      <symbol id="sm-3fc">
         <name>__system_post_cinit</name>
         <value>0x81fff</value>
         <object_component_ref idref="oc-b0"/>
      </symbol>
      <symbol id="sm-410">
         <name>C$$EXIT</name>
         <value>0x82992</value>
         <object_component_ref idref="oc-b2"/>
      </symbol>
      <symbol id="sm-411">
         <name>_exit</name>
         <value>0x82994</value>
         <object_component_ref idref="oc-b2"/>
      </symbol>
      <symbol id="sm-412">
         <name>___TI_cleanup_ptr</name>
         <value>0xa8ba</value>
         <object_component_ref idref="oc-9e"/>
      </symbol>
      <symbol id="sm-413">
         <name>___TI_enable_exit_profile_output</name>
         <value>0xa8b8</value>
         <object_component_ref idref="oc-9e"/>
      </symbol>
      <symbol id="sm-414">
         <name>_abort</name>
         <value>0x82992</value>
         <object_component_ref idref="oc-b2"/>
      </symbol>
      <symbol id="sm-415">
         <name>___TI_dtors_ptr</name>
         <value>0xa8bc</value>
         <object_component_ref idref="oc-9e"/>
      </symbol>
      <symbol id="sm-429">
         <name>__unlock</name>
         <value>0xa938</value>
         <object_component_ref idref="oc-e0"/>
      </symbol>
      <symbol id="sm-42a">
         <name>__lock</name>
         <value>0xa8be</value>
         <object_component_ref idref="oc-b7"/>
      </symbol>
      <symbol id="sm-42b">
         <name>__register_lock</name>
         <value>0x82c6a</value>
         <object_component_ref idref="oc-c7"/>
      </symbol>
      <symbol id="sm-42c">
         <name>__nop</name>
         <value>0x82c6e</value>
         <object_component_ref idref="oc-c7"/>
      </symbol>
      <symbol id="sm-42d">
         <name>__register_unlock</name>
         <value>0x82c66</value>
         <object_component_ref idref="oc-c7"/>
      </symbol>
      <symbol id="sm-43c">
         <name>__args_main</name>
         <value>0x82b2b</value>
         <object_component_ref idref="oc-b1"/>
      </symbol>
   </symbol_table>
   <title>Link successful</title>
</link_info>
